Archive member included because of file (symbol)

contiki-sky.a(er-coap.o)      obj_sky/res-b1-sep-b2.o (coap_serialize_message)
contiki-sky.a(er-coap-engine.)
                              obj_sky/res-push.o (coap_rest_implementation)
contiki-sky.a(er-coap-transac)
                              contiki-sky.a(er-coap-engine.) (coap_register_as_transaction_handler)
contiki-sky.a(er-coap-observe)
                              contiki-sky.a(er-coap-transac) (coap_remove_observer_by_client)
contiki-sky.a(er-coap-separat)
                              obj_sky/res-separate.o (coap_separate_reject)
contiki-sky.a(er-coap-res-wel)
                              contiki-sky.a(er-coap-engine.) (res_well_known_core)
contiki-sky.a(er-coap-block1.)
                              obj_sky/res-b1-sep-b2.o (coap_block1_handler)
contiki-sky.a(er-coap-observe)
                              contiki-sky.a(er-coap-engine.) (coap_handle_notification)
contiki-sky.a(rest-engine.o)  er-example-server.co (rest_init_engine)
contiki-sky.a(contiki-sky-pla)
                              obj_sky/contiki-sky-main.o (init_platform)
contiki-sky.a(sht11-sensor.o)
                              obj_sky/res-sht11.o (sht11_sensor)
contiki-sky.a(light-sensor.o)
                              er-example-server.co (light_sensor)
contiki-sky.a(battery-sensor.)
                              obj_sky/res-battery.o (battery_sensor)
contiki-sky.a(button-sensor.o)
                              contiki-sky.a(contiki-sky-pla) (button_sensor)
contiki-sky.a(radio-sensor.o)
                              obj_sky/res-radio.o (radio_sensor)
contiki-sky.a(ds2411.o)       obj_sky/contiki-sky-main.o (ds2411_init)
contiki-sky.a(xmem.o)         obj_sky/contiki-sky-main.o (xmem_init)
contiki-sky.a(node-id.o)      obj_sky/contiki-sky-main.o (node_id_restore)
contiki-sky.a(sensors.o)      contiki-sky.a(button-sensor.o) (sensors_changed)
contiki-sky.a(cc2420.o)       contiki-sky.a(radio-sensor.o) (cc2420_last_rssi)
contiki-sky.a(cc2420-arch.o)  contiki-sky.a(cc2420.o) (cc2420_arch_init)
contiki-sky.a(sky-sensors.o)  contiki-sky.a(light-sensor.o) (sky_sensors_status)
contiki-sky.a(uart1.o)        obj_sky/contiki-sky-main.o (uart1_active)
contiki-sky.a(uart1-putchar.o)
                              obj_sky/res-b1-sep-b2.o (putchar)
contiki-sky.a(msp430.o)       contiki-sky.a(uart1.o) (msp430_add_lpm_req)
contiki-sky.a(clock.o)        obj_sky/contiki-sky-main.o (clock_init)
contiki-sky.a(leds.o)         obj_sky/contiki-sky-main.o (leds_init)
contiki-sky.a(leds-arch.o)    contiki-sky.a(leds.o) (leds_arch_init)
contiki-sky.a(watchdog.o)     obj_sky/contiki-sky-main.o (watchdog_start)
contiki-sky.a(rtimer-arch.o)  obj_sky/contiki-sky-main.o (rtimer_arch_now)
contiki-sky.a(autostart.o)    obj_sky/contiki-sky-main.o (autostart_start)
contiki-sky.a(ctimer.o)       obj_sky/contiki-sky-main.o (ctimer_init)
contiki-sky.a(energest.o)     obj_sky/contiki-sky-main.o (energest_init)
contiki-sky.a(etimer.o)       contiki-sky.a(clock.o) (etimer_request_poll)
contiki-sky.a(process.o)      er-example-server.co (process_current)
contiki-sky.a(rtimer.o)       obj_sky/contiki-sky-main.o (rtimer_init)
contiki-sky.a(timer.o)        obj_sky/contiki-sky-main.o (timer_set)
contiki-sky.a(list.o)         contiki-sky.a(rest-engine.o) (list_init)
contiki-sky.a(memb.o)         contiki-sky.a(er-coap-transac) (memb_alloc)
contiki-sky.a(random.o)       obj_sky/contiki-sky-main.o (random_init)
contiki-sky.a(sicslowpan.o)   obj_sky/contiki-sky-main.o (sicslowpan_driver)
contiki-sky.a(uip6.o)         contiki-sky.a(er-coap-engine.) (uip_aligned_buf)
contiki-sky.a(uip-ds6.o)      contiki-sky.a(uip6.o) (uip_ds6_is_addr_onlink)
contiki-sky.a(uip-ds6-nbr.o)  contiki-sky.a(uip-ds6.o) (uip_ds6_neighbors_init)
contiki-sky.a(uip-ds6-route.o)
                              contiki-sky.a(uip-ds6.o) (uip_ds6_route_init)
contiki-sky.a(uip-icmp6.o)    contiki-sky.a(uip6.o) (uip_icmp6_input)
contiki-sky.a(uip-nd6.o)      contiki-sky.a(uip6.o) (uip_nd6_init)
contiki-sky.a(tcpip.o)        contiki-sky.a(sicslowpan.o) (tcpip_set_outputfunc)
contiki-sky.a(uip-debug.o)    contiki-sky.a(uip-ds6-route.o) (uip_debug_ipaddr_print)
contiki-sky.a(uip-udp-packet.)
                              contiki-sky.a(er-coap.o) (uip_udp_packet_send)
contiki-sky.a(rpl.o)          contiki-sky.a(uip-ds6-nbr.o) (rpl_link_neighbor_callback)
contiki-sky.a(rpl-dag.o)      contiki-sky.a(rpl.o) (default_instance)
contiki-sky.a(rpl-ext-header.)
                              contiki-sky.a(uip6.o) (rpl_verify_header)
contiki-sky.a(rpl-icmp6.o)    contiki-sky.a(rpl.o) (dao_output_target)
contiki-sky.a(rpl-mrhof.o)    contiki-sky.a(rpl.o) (rpl_mrhof)
contiki-sky.a(rpl-timers.o)   contiki-sky.a(rpl.o) (rpl_reset_periodic_timer)
contiki-sky.a(framer-802154.o)
                              contiki-sky.a(sicslowpan.o) (framer_802154)
contiki-sky.a(framer.o)       contiki-sky.a(framer-802154.o) (framer_canonical_create_and_secure)
[...]
Memory Configuration

Name             Origin             Length             Attributes
sfr              0x0000000000000000 0x0000000000000010
peripheral_8bit  0x0000000000000010 0x00000000000000f0
peripheral_16bit 0x0000000000000100 0x0000000000000100
ram_mirror       0x0000000000000200 0x0000000000000800 xw
infomem          0x0000000000001000 0x0000000000000100
infob            0x0000000000001000 0x0000000000000080
infoa            0x0000000000001080 0x0000000000000080
ram              0x0000000000001100 0x0000000000002800 xw
rom              0x0000000000004000 0x000000000000bfe0 xr
vectors          0x000000000000ffe0 0x0000000000000020
bsl              0x0000000000000000 0x0000000000000000
infoc            0x0000000000000000 0x0000000000000000
infod            0x0000000000000000 0x0000000000000000
ram2             0x0000000000000000 0x0000000000000000 xw
usbram           0x0000000000000000 0x0000000000000000 xw
far_rom          0x0000000000000000 0x0000000000000000
*default*        0x0000000000000000 0xffffffffffffffff

Linker script and memory map

LOAD /usr/lib/gcc/msp430/4.6.3/mmpy-16/crt0ivtbl16.o
LOAD er-example-server.co
LOAD obj_sky/res-push.o
LOAD obj_sky/res-battery.o
LOAD obj_sky/res-toggle.o
LOAD obj_sky/res-mirror.o
LOAD obj_sky/res-light.o
LOAD obj_sky/res-radio.o
LOAD obj_sky/res-b1-sep-b2.o
LOAD obj_sky/res-hello.o
LOAD obj_sky/res-sub.o
LOAD obj_sky/res-separate.o
LOAD obj_sky/res-sht11.o
LOAD obj_sky/res-leds.o
LOAD obj_sky/res-chunks.o
LOAD obj_sky/res-event.o
LOAD obj_sky/contiki-sky-main.o
LOAD contiki-sky.a
LOAD /usr/lib/gcc/msp430/4.6.3/mmpy-16/libgcc.a
LOAD /usr/lib/gcc/msp430/4.6.3/../../../../msp430/lib/mmpy-16/libc.a
LOAD /usr/lib/gcc/msp430/4.6.3/mmpy-16/libgcc.a
LOAD /usr/lib/gcc/msp430/4.6.3/mmpy-16/libcrt0.a
                0x0000000000000080                PROVIDE (__info_segment_size, 0x80)
                0x0000000000001000                PROVIDE (__infob, 0x1000)
                0x0000000000001080                PROVIDE (__infoa, 0x1080)
                0x0000000000000000                __IE1 = 0x0
                0x0000000000000002                __IFG1 = 0x2
                0x0000000000000004                __ME1 = 0x4
                0x0000000000000001                __IE2 = 0x1
                0x0000000000000003                __IFG2 = 0x3
                0x0000000000000005                __ME2 = 0x5
                0x0000000000000120                __WDTCTL = 0x120
                0x0000000000000130                __MPY = 0x130
                0x0000000000000132                __MPYS = 0x132
                0x0000000000000134                __MAC = 0x134
                0x0000000000000136                __MACS = 0x136
                0x0000000000000138                __OP2 = 0x138
                0x000000000000013a                __RESLO = 0x13a
                0x000000000000013c                __RESHI = 0x13c
                0x000000000000013e                __SUMEXT = 0x13e
                0x0000000000000020                __P1IN = 0x20
                0x0000000000000021                __P1OUT = 0x21
                0x0000000000000022                __P1DIR = 0x22
                0x0000000000000023                __P1IFG = 0x23
                0x0000000000000024                __P1IES = 0x24
                0x0000000000000025                __P1IE = 0x25
                0x0000000000000026                __P1SEL = 0x26
                0x0000000000000028                __P2IN = 0x28
                0x0000000000000029                __P2OUT = 0x29
                0x000000000000002a                __P2DIR = 0x2a
                0x000000000000002b                __P2IFG = 0x2b
                0x000000000000002c                __P2IES = 0x2c
                0x000000000000002d                __P2IE = 0x2d
                0x000000000000002e                __P2SEL = 0x2e
                0x0000000000000018                __P3IN = 0x18
                0x0000000000000019                __P3OUT = 0x19
                0x000000000000001a                __P3DIR = 0x1a
                0x000000000000001b                __P3SEL = 0x1b
                0x000000000000001c                __P4IN = 0x1c
                0x000000000000001d                __P4OUT = 0x1d
                0x000000000000001e                __P4DIR = 0x1e
                0x000000000000001f                __P4SEL = 0x1f
                0x0000000000000030                __P5IN = 0x30
                0x0000000000000031                __P5OUT = 0x31
                0x0000000000000032                __P5DIR = 0x32
                0x0000000000000033                __P5SEL = 0x33
                0x0000000000000034                __P6IN = 0x34
                0x0000000000000035                __P6OUT = 0x35
                0x0000000000000036                __P6DIR = 0x36
                0x0000000000000037                __P6SEL = 0x37
                0x0000000000000070                __U0CTL = 0x70
                0x0000000000000071                __U0TCTL = 0x71
                0x0000000000000072                __U0RCTL = 0x72
                0x0000000000000073                __U0MCTL = 0x73
                0x0000000000000074                __U0BR0 = 0x74
                0x0000000000000075                __U0BR1 = 0x75
                0x0000000000000076                __U0RXBUF = 0x76
                0x0000000000000077                __U0TXBUF = 0x77
                0x0000000000000078                __U1CTL = 0x78
                0x0000000000000079                __U1TCTL = 0x79
                0x000000000000007a                __U1RCTL = 0x7a
                0x000000000000007b                __U1MCTL = 0x7b
                0x000000000000007c                __U1BR0 = 0x7c
                0x000000000000007d                __U1BR1 = 0x7d
                0x000000000000007e                __U1RXBUF = 0x7e
                0x000000000000007f                __U1TXBUF = 0x7f
                0x0000000000000050                __I2CIE = 0x50
                0x0000000000000051                __I2CIFG = 0x51
                0x0000000000000052                __I2CNDAT = 0x52
                0x0000000000000071                __I2CTCTL = 0x71
                0x0000000000000072                __I2CDCTL = 0x72
                0x0000000000000073                __I2CPSC = 0x73
                0x0000000000000074                __I2CSCLH = 0x74
                0x0000000000000075                __I2CSCLL = 0x75
                0x0000000000000076                __I2CDRB = 0x76
                0x0000000000000076                __I2CDRW = 0x76
                0x0000000000000118                __I2COA = 0x118
                0x000000000000011a                __I2CSA = 0x11a
                0x000000000000011c                __I2CIV = 0x11c
                0x000000000000012e                __TAIV = 0x12e
                0x0000000000000160                __TACTL = 0x160
                0x0000000000000162                __TACCTL0 = 0x162
                0x0000000000000164                __TACCTL1 = 0x164
                0x0000000000000166                __TACCTL2 = 0x166
                0x0000000000000170                __TAR = 0x170
                0x0000000000000172                __TACCR0 = 0x172
                0x0000000000000174                __TACCR1 = 0x174
                0x0000000000000176                __TACCR2 = 0x176
                0x000000000000011e                __TBIV = 0x11e
                0x0000000000000180                __TBCTL = 0x180
                0x0000000000000182                __TBCCTL0 = 0x182
                0x0000000000000184                __TBCCTL1 = 0x184
                0x0000000000000186                __TBCCTL2 = 0x186
                0x0000000000000188                __TBCCTL3 = 0x188
                0x000000000000018a                __TBCCTL4 = 0x18a
                0x000000000000018c                __TBCCTL5 = 0x18c
                0x000000000000018e                __TBCCTL6 = 0x18e
                0x0000000000000190                __TBR = 0x190
                0x0000000000000192                __TBCCR0 = 0x192
                0x0000000000000194                __TBCCR1 = 0x194
                0x0000000000000196                __TBCCR2 = 0x196
                0x0000000000000198                __TBCCR3 = 0x198
                0x000000000000019a                __TBCCR4 = 0x19a
                0x000000000000019c                __TBCCR5 = 0x19c
                0x000000000000019e                __TBCCR6 = 0x19e
                0x0000000000000056                __DCOCTL = 0x56
                0x0000000000000057                __BCSCTL1 = 0x57
                0x0000000000000058                __BCSCTL2 = 0x58
                0x0000000000000055                __SVSCTL = 0x55
                0x0000000000000128                __FCTL1 = 0x128
                0x000000000000012a                __FCTL2 = 0x12a
                0x000000000000012c                __FCTL3 = 0x12c
                0x0000000000000059                __CACTL1 = 0x59
                0x000000000000005a                __CACTL2 = 0x5a
                0x000000000000005b                __CAPD = 0x5b
                0x00000000000001a0                __ADC12CTL0 = 0x1a0
                0x00000000000001a2                __ADC12CTL1 = 0x1a2
                0x00000000000001a4                __ADC12IFG = 0x1a4
                0x00000000000001a6                __ADC12IE = 0x1a6
                0x00000000000001a8                __ADC12IV = 0x1a8
                0x0000000000000140                __ADC12MEM0 = 0x140
                0x0000000000000142                __ADC12MEM1 = 0x142
                0x0000000000000144                __ADC12MEM2 = 0x144
                0x0000000000000146                __ADC12MEM3 = 0x146
                0x0000000000000148                __ADC12MEM4 = 0x148
                0x000000000000014a                __ADC12MEM5 = 0x14a
                0x000000000000014c                __ADC12MEM6 = 0x14c
                0x000000000000014e                __ADC12MEM7 = 0x14e
                0x0000000000000150                __ADC12MEM8 = 0x150
                0x0000000000000152                __ADC12MEM9 = 0x152
                0x0000000000000154                __ADC12MEM10 = 0x154
                0x0000000000000156                __ADC12MEM11 = 0x156
                0x0000000000000158                __ADC12MEM12 = 0x158
                0x000000000000015a                __ADC12MEM13 = 0x15a
                0x000000000000015c                __ADC12MEM14 = 0x15c
                0x000000000000015e                __ADC12MEM15 = 0x15e
                0x0000000000000080                __ADC12MCTL0 = 0x80
                0x0000000000000081                __ADC12MCTL1 = 0x81
                0x0000000000000082                __ADC12MCTL2 = 0x82
                0x0000000000000083                __ADC12MCTL3 = 0x83
                0x0000000000000084                __ADC12MCTL4 = 0x84
                0x0000000000000085                __ADC12MCTL5 = 0x85
                0x0000000000000086                __ADC12MCTL6 = 0x86
                0x0000000000000087                __ADC12MCTL7 = 0x87
                0x0000000000000088                __ADC12MCTL8 = 0x88
                0x0000000000000089                __ADC12MCTL9 = 0x89
                0x000000000000008a                __ADC12MCTL10 = 0x8a
                0x000000000000008b                __ADC12MCTL11 = 0x8b
                0x000000000000008c                __ADC12MCTL12 = 0x8c
                0x000000000000008d                __ADC12MCTL13 = 0x8d
                0x000000000000008e                __ADC12MCTL14 = 0x8e
                0x000000000000008f                __ADC12MCTL15 = 0x8f
                0x00000000000001c0                __DAC12_0CTL = 0x1c0
                0x00000000000001c2                __DAC12_1CTL = 0x1c2
                0x00000000000001c8                __DAC12_0DAT = 0x1c8
                0x00000000000001ca                __DAC12_1DAT = 0x1ca
                0x0000000000000122                __DMACTL0 = 0x122
                0x0000000000000124                __DMACTL1 = 0x124
                0x00000000000001e0                __DMA0CTL = 0x1e0
                0x00000000000001e8                __DMA1CTL = 0x1e8
                0x00000000000001f0                __DMA2CTL = 0x1f0
                0x00000000000001e2                __DMA0SA = 0x1e2
                0x00000000000001e4                __DMA0DA = 0x1e4
                0x00000000000001e6                __DMA0SZ = 0x1e6
                0x00000000000001ea                __DMA1SA = 0x1ea
                0x00000000000001ec                __DMA1DA = 0x1ec
                0x00000000000001ee                __DMA1SZ = 0x1ee
                0x00000000000001f2                __DMA2SA = 0x1f2
                0x00000000000001f4                __DMA2DA = 0x1f4
                0x00000000000001f6                __DMA2SZ = 0x1f6

.hash
 *(.hash)

.dynsym
 *(.dynsym)

.dynstr
 *(.dynstr)

.gnu.version
 *(.gnu.version)

.gnu.version_d
 *(.gnu.version_d)

.gnu.version_r
 *(.gnu.version_r)

.rel.init
 *(.rel.init)

.rela.init
 *(.rela.init)

.rel.fini
 *(.rel.fini)

.rela.fini
 *(.rela.fini)

.rel.text
 *(.rel.text .rel.text.* .rel.gnu.linkonce.t.*)

.rela.text
 *(.rela.text .rela.text.* .rela.gnu.linkonce.t.*)

.rel.rodata
 *(.rel.rodata .rel.rodata.* .rel.gnu.linkonce.r.*)

.rela.rodata
 *(.rela.rodata .rela.rodata.* .rela.gnu.linkonce.r.*)

.rel.data
 *(.rel.data .rel.data.* .rel.gnu.linkonce.d.*)

.rela.data
 *(.rela.data .rela.data.* .rela.gnu.linkonce.d.*)

.rel.bss
 *(.rel.bss .rel.bss.* .rel.gnu.linkonce.b.*)

.rela.bss
 *(.rela.bss .rela.bss.* .rela.gnu.linkonce.b.*)

.rel.ctors
 *(.rel.ctors)

.rela.ctors
 *(.rela.ctors)

.rel.dtors
 *(.rel.dtors)

.rela.dtors
 *(.rela.dtors)

.rel.got
 *(.rel.got)

.rela.got
 *(.rela.got)

.rel.plt
 *(.rel.plt)

.rela.plt
 *(.rela.plt)

.text           0x0000000000004000     0xb5aa
                0x0000000000004000                . = ALIGN (0x2)
 *(.init .init.*)
 *(.init0)
 .init0         0x0000000000004000        0x0 /usr/lib/gcc/msp430/4.6.3/mmpy-16/libcrt0.a(_reset_vector__.o)
                0x0000000000004000                _reset_vector__
 *(.init1)
 .init1         0x0000000000004000        0xc /usr/lib/gcc/msp430/4.6.3/mmpy-16/libcrt0.a(__watchdog_support.o)
                0x0000000000004000                __watchdog_support
 *(.init2)
 .init2         0x000000000000400c        0x4 /usr/lib/gcc/msp430/4.6.3/mmpy-16/libcrt0.a(__init_stack.o)
                0x000000000000400c                __init_stack
 *(.init3)
 .init3         0x0000000000004010        0x0 /usr/lib/gcc/msp430/4.6.3/mmpy-16/libcrt0.a(__low_level_init.o)
                0x0000000000004010                __low_level_init
 *(.init4)
 .init4         0x0000000000004010       0x18 /usr/lib/gcc/msp430/4.6.3/mmpy-16/libcrt0.a(_copy_data.o)
                0x0000000000004010                __do_copy_data
 .init4         0x0000000000004028       0x16 /usr/lib/gcc/msp430/4.6.3/mmpy-16/libcrt0.a(_clear_bss.o)
                0x0000000000004028                __do_clear_bss
 *(.init5)
 *(.init6)
 *(.init7)
 *(.init8)
 *(.init9)
 .init9         0x000000000000403e      0x2d8 obj_sky/contiki-sky-main.o
                0x000000000000403e                main
 *(.fini9)
 .fini9         0x0000000000004316        0x0 /usr/lib/gcc/msp430/4.6.3/mmpy-16/libcrt0.a(__stop_progExec__.o)
                0x0000000000004316                __stop_progExec__
 *(.fini8)
 *(.fini7)
 *(.fini6)
 *(.fini5)
 *(.fini4)
 *(.fini3)
 *(.fini2)
 *(.fini1)
 *(.fini0)
 .fini0         0x0000000000004316        0x6 /usr/lib/gcc/msp430/4.6.3/mmpy-16/libcrt0.a(_endless_loop__.o)
                0x0000000000004316                _endless_loop__
 *(.fini .fini.*)
                0x000000000000431c                . = ALIGN (0x2)
                0x000000000000431c                __ctors_start = .
 *(.ctors)
                0x000000000000431c                __ctors_end = .
                0x000000000000431c                __dtors_start = .
 *(.dtors)
                0x000000000000431c                __dtors_end = .
                0x000000000000431c                . = ALIGN (0x2)
 *(.text .text.* .gnu.linkonce.t.*)
 .text          0x000000000000431c        0x4 /usr/lib/gcc/msp430/4.6.3/mmpy-16/crt0ivtbl16.o
                0x000000000000431c                __isr_14
                0x000000000000431c                __isr_11
                0x000000000000431c                __isr_2
                0x000000000000431c                __isr_7
                0x000000000000431c                __isr_0
                0x000000000000431c                __isr_8
                0x000000000000431c                __isr_3
                0x000000000000431c                __isr_12
                0x000000000000431c                __isr_13
                0x000000000000431c                __isr_9
 .text.process_thread_er_example_server
                0x0000000000004320       0x88 er-example-server.co
 .text.res_periodic_handler
                0x00000000000043a8       0x12 obj_sky/res-push.o
 .text.res_get_handler
                0x00000000000043ba       0x6c obj_sky/res-push.o
 .text.res_post_handler
                0x0000000000004426        0x8 obj_sky/res-toggle.o
 .text.res_get_handler
                0x000000000000442e       0xf2 obj_sky/res-light.o
 .text.res_get_handler
                0x0000000000004520       0x78 obj_sky/res-hello.o
 .text.start_network_layer
                0x0000000000004598       0xa2 obj_sky/contiki-sky-main.o
 .text.coap_parse_int_option
                0x000000000000463a       0x46 contiki-sky.a(er-coap.o)
 .text.coap_set_option_header
                0x0000000000004680       0xa6 contiki-sky.a(er-coap.o)
 .text.coap_serialize_int_option
                0x0000000000004726       0xda contiki-sky.a(er-coap.o)
 .text.coap_get_variable
                0x0000000000004800       0xbe contiki-sky.a(er-coap.o)
 .text.coap_serialize_array_option
                0x00000000000048be       0xee contiki-sky.a(er-coap.o)
 .text.coap_merge_multi_option.part.1
                0x00000000000049ac       0x34 contiki-sky.a(er-coap.o)
 .text.coap_init_connection
                0x00000000000049e0       0x22 contiki-sky.a(er-coap.o)
                0x00000000000049e0                coap_init_connection
 .text.coap_get_mid
                0x0000000000004a02        0xc contiki-sky.a(er-coap.o)
                0x0000000000004a02                coap_get_mid
 .text.coap_init_message
                0x0000000000004a0e       0x30 contiki-sky.a(er-coap.o)
                0x0000000000004a0e                coap_init_message
 .text.coap_serialize_message
                0x0000000000004a3e      0x470 contiki-sky.a(er-coap.o)
                0x0000000000004a3e                coap_serialize_message
 .text.coap_send_message
                0x0000000000004eae       0x4a contiki-sky.a(er-coap.o)
                0x0000000000004eae                coap_send_message
 .text.coap_parse_message
                0x0000000000004ef8      0x554 contiki-sky.a(er-coap.o)
                0x0000000000004ef8                coap_parse_message
 .text.coap_get_query_variable
                0x000000000000544c       0x1c contiki-sky.a(er-coap.o)
                0x000000000000544c                coap_get_query_variable
 .text.coap_get_post_variable
                0x0000000000005468       0x20 contiki-sky.a(er-coap.o)
                0x0000000000005468                coap_get_post_variable
 .text.coap_set_status_code
                0x0000000000005488       0x12 contiki-sky.a(er-coap.o)
                0x0000000000005488                coap_set_status_code
 .text.coap_set_token
                0x000000000000549a       0x24 contiki-sky.a(er-coap.o)
                0x000000000000549a                coap_set_token
 .text.coap_get_header_content_format
                0x00000000000054be       0x18 contiki-sky.a(er-coap.o)
                0x00000000000054be                coap_get_header_content_format
 .text.coap_set_header_content_format
                0x00000000000054d6        0xe contiki-sky.a(er-coap.o)
                0x00000000000054d6                coap_set_header_content_format
 .text.coap_get_header_accept
                0x00000000000054e4       0x16 contiki-sky.a(er-coap.o)
                0x00000000000054e4                coap_get_header_accept
 .text.coap_get_header_max_age
                0x00000000000054fa       0x26 contiki-sky.a(er-coap.o)
                0x00000000000054fa                coap_get_header_max_age
 .text.coap_set_header_max_age
                0x0000000000005520       0x12 contiki-sky.a(er-coap.o)
                0x0000000000005520                coap_set_header_max_age
 .text.coap_set_header_etag
                0x0000000000005532       0x2a contiki-sky.a(er-coap.o)
                0x0000000000005532                coap_set_header_etag
 .text.coap_get_header_if_match
                0x000000000000555c       0x1c contiki-sky.a(er-coap.o)
                0x000000000000555c                coap_get_header_if_match
 .text.coap_get_header_if_none_match
                0x0000000000005578       0x10 contiki-sky.a(er-coap.o)
                0x0000000000005578                coap_get_header_if_none_match
 .text.coap_get_header_uri_host
                0x0000000000005588       0x18 contiki-sky.a(er-coap.o)
                0x0000000000005588                coap_get_header_uri_host
 .text.coap_get_header_uri_path
                0x00000000000055a0       0x18 contiki-sky.a(er-coap.o)
                0x00000000000055a0                coap_get_header_uri_path
 .text.coap_get_header_uri_query
                0x00000000000055b8       0x16 contiki-sky.a(er-coap.o)
                0x00000000000055b8                coap_get_header_uri_query
 .text.coap_set_header_location_query
                0x00000000000055ce       0x2c contiki-sky.a(er-coap.o)
                0x00000000000055ce                coap_set_header_location_query
 .text.coap_set_header_location_path
                0x00000000000055fa       0x8c contiki-sky.a(er-coap.o)
                0x00000000000055fa                coap_set_header_location_path
 .text.coap_get_header_observe
                0x0000000000005686       0x1e contiki-sky.a(er-coap.o)
                0x0000000000005686                coap_get_header_observe
 .text.coap_set_header_observe
                0x00000000000056a4       0x12 contiki-sky.a(er-coap.o)
                0x00000000000056a4                coap_set_header_observe
 .text.coap_get_header_block2
                0x00000000000056b6       0x4c contiki-sky.a(er-coap.o)
                0x00000000000056b6                coap_get_header_block2
 .text.coap_set_header_block2
                0x0000000000005702       0x40 contiki-sky.a(er-coap.o)
                0x0000000000005702                coap_set_header_block2
 .text.coap_get_header_size2
                0x0000000000005742       0x1e contiki-sky.a(er-coap.o)
                0x0000000000005742                coap_get_header_size2
 .text.coap_set_header_size2
                0x0000000000005760       0x12 contiki-sky.a(er-coap.o)
                0x0000000000005760                coap_set_header_size2
 .text.coap_get_payload
                0x0000000000005772       0x1a contiki-sky.a(er-coap.o)
                0x0000000000005772                coap_get_payload
 .text.coap_set_payload
                0x000000000000578c       0x16 contiki-sky.a(er-coap.o)
                0x000000000000578c                coap_set_payload
 .text.coap_set_service_callback
                0x00000000000057a2        0x6 contiki-sky.a(er-coap-engine.)
                0x00000000000057a2                coap_set_service_callback
 .text.coap_get_rest_method
                0x00000000000057a8       0x1a contiki-sky.a(er-coap-engine.)
                0x00000000000057a8                coap_get_rest_method
 .text.process_thread_coap_engine
                0x00000000000057c2      0x42a contiki-sky.a(er-coap-engine.)
 .text.coap_init_engine
                0x0000000000005bec        0xc contiki-sky.a(er-coap-engine.)
                0x0000000000005bec                coap_init_engine
 .text.coap_register_as_transaction_handler
                0x0000000000005bf8        0x8 contiki-sky.a(er-coap-transac)
                0x0000000000005bf8                coap_register_as_transaction_handler
 .text.coap_new_transaction
                0x0000000000005c00       0x4e contiki-sky.a(er-coap-transac)
                0x0000000000005c00                coap_new_transaction
 .text.coap_clear_transaction
                0x0000000000005c4e       0x26 contiki-sky.a(er-coap-transac)
                0x0000000000005c4e                coap_clear_transaction
 .text.coap_send_transaction
                0x0000000000005c74       0xc8 contiki-sky.a(er-coap-transac)
                0x0000000000005c74                coap_send_transaction
 .text.coap_get_transaction_by_mid
                0x0000000000005d3c       0x1e contiki-sky.a(er-coap-transac)
                0x0000000000005d3c                coap_get_transaction_by_mid
 .text.coap_check_transactions
                0x0000000000005d5a       0x2e contiki-sky.a(er-coap-transac)
                0x0000000000005d5a                coap_check_transactions
 .text.coap_remove_observer
                0x0000000000005d88       0x1c contiki-sky.a(er-coap-observe)
                0x0000000000005d88                coap_remove_observer
 .text.coap_remove_observer_by_client
                0x0000000000005da4       0x4c contiki-sky.a(er-coap-observe)
                0x0000000000005da4                coap_remove_observer_by_client
 .text.coap_remove_observer_by_token
                0x0000000000005df0       0x72 contiki-sky.a(er-coap-observe)
                0x0000000000005df0                coap_remove_observer_by_token
 .text.coap_remove_observer_by_uri
                0x0000000000005e62       0x7e contiki-sky.a(er-coap-observe)
                0x0000000000005e62                coap_remove_observer_by_uri
 .text.coap_add_observer
                0x0000000000005ee0       0x70 contiki-sky.a(er-coap-observe)
                0x0000000000005ee0                coap_add_observer
 .text.coap_remove_observer_by_mid
                0x0000000000005f50       0x58 contiki-sky.a(er-coap-observe)
                0x0000000000005f50                coap_remove_observer_by_mid
 .text.coap_notify_observers
                0x0000000000005fa8       0xec contiki-sky.a(er-coap-observe)
                0x0000000000005fa8                coap_notify_observers
 .text.coap_observe_handler
                0x0000000000006094       0xc0 contiki-sky.a(er-coap-observe)
                0x0000000000006094                coap_observe_handler
 .text.well_known_core_get_handler
                0x0000000000006154      0x296 contiki-sky.a(er-coap-res-wel)
                0x0000000000006154                well_known_core_get_handler
 .text.simple_reply
                0x00000000000063ea       0x38 contiki-sky.a(er-coap-observe)
 .text.classify_notification
                0x0000000000006422       0x60 contiki-sky.a(er-coap-observe)
 .text.coap_get_obs_subject_by_token
                0x0000000000006482       0x56 contiki-sky.a(er-coap-observe)
                0x0000000000006482                coap_get_obs_subject_by_token
 .text.coap_handle_notification
                0x00000000000064d8       0xc8 contiki-sky.a(er-coap-observe)
                0x00000000000064d8                coap_handle_notification
 .text.process_thread_rest_engine_process
                0x00000000000065a0       0xc0 contiki-sky.a(rest-engine.o)
 .text.rest_invoke_restful_service
                0x0000000000006660      0x126 contiki-sky.a(rest-engine.o)
                0x0000000000006660                rest_invoke_restful_service
 .text.rest_init_engine
                0x0000000000006786       0x26 contiki-sky.a(rest-engine.o)
                0x0000000000006786                rest_init_engine
 .text.rest_activate_resource
                0x00000000000067ac       0x3c contiki-sky.a(rest-engine.o)
                0x00000000000067ac                rest_activate_resource
 .text.rest_get_resources
                0x00000000000067e8        0x6 contiki-sky.a(rest-engine.o)
                0x00000000000067e8                rest_get_resources
 .text.init_platform
                0x00000000000067ee        0xc contiki-sky.a(contiki-sky-pla)
                0x00000000000067ee                init_platform
 .text.value    0x00000000000067fa       0x1a contiki-sky.a(light-sensor.o)
 .text.status   0x0000000000006814        0xc contiki-sky.a(light-sensor.o)
 .text.configure
                0x0000000000006820       0x10 contiki-sky.a(light-sensor.o)
 .text.status   0x0000000000006830       0x16 contiki-sky.a(button-sensor.o)
 .text.configure
                0x0000000000006846       0x52 contiki-sky.a(button-sensor.o)
 .text.value    0x0000000000006898       0x22 contiki-sky.a(button-sensor.o)
 .text.irq_p2   0x00000000000068ba       0x8a contiki-sky.a(button-sensor.o)
                0x00000000000068ba                irq_p2
                0x00000000000068ba                __isr_1
 .text.owreadb  0x0000000000006944       0x52 contiki-sky.a(ds2411.o)
 .text.ds2411_init
                0x0000000000006996      0x122 contiki-sky.a(ds2411.o)
                0x0000000000006996                ds2411_init
 .text.wait_ready
                0x0000000000006ab8       0x50 contiki-sky.a(xmem.o)
 .text.xmem_init
                0x0000000000006b08       0x3e contiki-sky.a(xmem.o)
                0x0000000000006b08                xmem_init
 .text.xmem_pread
                0x0000000000006b46       0xea contiki-sky.a(xmem.o)
                0x0000000000006b46                xmem_pread
 .text.node_id_restore
                0x0000000000006c30       0x38 contiki-sky.a(node-id.o)
                0x0000000000006c30                node_id_restore
 .text.process_thread_sensors_process
                0x0000000000006c68       0xbe contiki-sky.a(sensors.o)
 .text.sensors_changed
                0x0000000000006d26       0x2a contiki-sky.a(sensors.o)
                0x0000000000006d26                sensors_changed
 .text.get_object
                0x0000000000006d50        0x4 contiki-sky.a(cc2420.o)
 .text.set_object
                0x0000000000006d54        0x4 contiki-sky.a(cc2420.o)
 .text.strobe   0x0000000000006d58       0x20 contiki-sky.a(cc2420.o)
 .text.getreg   0x0000000000006d78       0x54 contiki-sky.a(cc2420.o)
 .text.setreg   0x0000000000006dcc       0x52 contiki-sky.a(cc2420.o)
 .text.write_ram
                0x0000000000006e1e       0x80 contiki-sky.a(cc2420.o)
 .text.write_fifo_buf
                0x0000000000006e9e       0x40 contiki-sky.a(cc2420.o)
 .text.get_status
                0x0000000000006ede       0x24 contiki-sky.a(cc2420.o)
 .text.set_txpower
                0x0000000000006f02       0x26 contiki-sky.a(cc2420.o)
 .text.cc2420_receiving_packet
                0x0000000000006f28        0xe contiki-sky.a(cc2420.o)
 .text.pending_packet
                0x0000000000006f36        0x8 contiki-sky.a(cc2420.o)
 .text.on       0x0000000000006f3e       0x1e contiki-sky.a(cc2420.o)
 .text.wait_for_transmission
                0x0000000000006f5c       0x22 contiki-sky.a(cc2420.o)
 .text.wait_for_status
                0x0000000000006f7e       0x2a contiki-sky.a(cc2420.o)
 .text.getrxdata
                0x0000000000006fa8       0x56 contiki-sky.a(cc2420.o)
 .text.flushrx  0x0000000000006ffe       0x1a contiki-sky.a(cc2420.o)
 .text.off      0x0000000000007018       0x5a contiki-sky.a(cc2420.o)
 .text.RELEASE_LOCK
                0x0000000000007072       0x28 contiki-sky.a(cc2420.o)
 .text.set_key  0x000000000000709a       0x18 contiki-sky.a(cc2420.o)
 .text.cc2420_prepare
                0x00000000000070b2       0x3c contiki-sky.a(cc2420.o)
 .text.cc2420_on
                0x00000000000070ee       0x22 contiki-sky.a(cc2420.o)
                0x00000000000070ee                cc2420_on
 .text.cc2420_off
                0x0000000000007110       0x30 contiki-sky.a(cc2420.o)
                0x0000000000007110                cc2420_off
 .text.cc2420_cca
                0x0000000000007140       0x5e contiki-sky.a(cc2420.o)
 .text.cc2420_read
                0x000000000000719e       0xb0 contiki-sky.a(cc2420.o)
 .text.process_thread_cc2420_process
                0x000000000000724e       0x50 contiki-sky.a(cc2420.o)
 .text.encrypt  0x000000000000729e       0x8e contiki-sky.a(cc2420.o)
 .text.cc2420_set_channel
                0x000000000000732c       0x3c contiki-sky.a(cc2420.o)
                0x000000000000732c                cc2420_set_channel
 .text.cc2420_set_pan_addr
                0x0000000000007368       0x4c contiki-sky.a(cc2420.o)
                0x0000000000007368                cc2420_set_pan_addr
 .text.cc2420_interrupt
                0x00000000000073b4       0x18 contiki-sky.a(cc2420.o)
                0x00000000000073b4                cc2420_interrupt
 .text.cc2420_set_txpower
                0x00000000000073cc        0xe contiki-sky.a(cc2420.o)
                0x00000000000073cc                cc2420_set_txpower
 .text.cc2420_get_txpower
                0x00000000000073da       0x1e contiki-sky.a(cc2420.o)
                0x00000000000073da                cc2420_get_txpower
 .text.cc2420_transmit
                0x00000000000073f8      0x10e contiki-sky.a(cc2420.o)
 .text.cc2420_send
                0x0000000000007506       0x12 contiki-sky.a(cc2420.o)
 .text.cc2420_rssi
                0x0000000000007518       0x4c contiki-sky.a(cc2420.o)
                0x0000000000007518                cc2420_rssi
 .text.get_value
                0x0000000000007564       0xac contiki-sky.a(cc2420.o)
 .text.cc2420_set_cca_threshold
                0x0000000000007610       0x16 contiki-sky.a(cc2420.o)
                0x0000000000007610                cc2420_set_cca_threshold
 .text.set_value
                0x0000000000007626       0x8a contiki-sky.a(cc2420.o)
 .text.cc2420_init
                0x00000000000076b0       0xde contiki-sky.a(cc2420.o)
                0x00000000000076b0                cc2420_init
 .text.cc2420_port1_interrupt
                0x000000000000778e       0x62 contiki-sky.a(cc2420-arch.o)
                0x000000000000778e                __isr_4
                0x000000000000778e                cc2420_port1_interrupt
 .text.cc2420_arch_init
                0x00000000000077f0       0x1a contiki-sky.a(cc2420-arch.o)
                0x00000000000077f0                cc2420_arch_init
 .text.sky_sensors_status
                0x000000000000780a       0x42 contiki-sky.a(sky-sensors.o)
                0x000000000000780a                sky_sensors_status
 .text.sky_sensors_configure
                0x000000000000784c       0xfc contiki-sky.a(sky-sensors.o)
                0x000000000000784c                sky_sensors_configure
 .text.uart1_active
                0x0000000000007948       0x1a contiki-sky.a(uart1.o)
                0x0000000000007948                uart1_active
 .text.uart1_writeb
                0x0000000000007962       0x1a contiki-sky.a(uart1.o)
                0x0000000000007962                uart1_writeb
 .text.uart1_init
                0x000000000000797c       0xf6 contiki-sky.a(uart1.o)
                0x000000000000797c                uart1_init
 .text.putchar  0x0000000000007a72       0x10 contiki-sky.a(uart1-putchar.o)
                0x0000000000007a72                putchar
 .text.msp430_init_dco
                0x0000000000007a82       0x84 contiki-sky.a(msp430.o)
                0x0000000000007a82                msp430_init_dco
 .text.msp430_add_lpm_req
                0x0000000000007b06        0xc contiki-sky.a(msp430.o)
                0x0000000000007b06                msp430_add_lpm_req
 .text.msp430_cpu_init
                0x0000000000007b12       0x2a contiki-sky.a(msp430.o)
                0x0000000000007b12                msp430_cpu_init
 .text.splhigh_
                0x0000000000007b3c        0x8 contiki-sky.a(msp430.o)
                0x0000000000007b3c                splhigh_
 .text.msp430_sync_dco
                0x0000000000007b44       0x68 contiki-sky.a(msp430.o)
                0x0000000000007b44                msp430_sync_dco
 .text.timera1  0x0000000000007bac      0x11e contiki-sky.a(clock.o)
                0x0000000000007bac                __isr_5
                0x0000000000007bac                timera1
 .text.clock_time
                0x0000000000007cca       0x1a contiki-sky.a(clock.o)
                0x0000000000007cca                clock_time
 .text.clock_init
                0x0000000000007ce4       0x28 contiki-sky.a(clock.o)
                0x0000000000007ce4                clock_init
 .text.clock_delay
                0x0000000000007d0c        0xc contiki-sky.a(clock.o)
                0x0000000000007d0c                clock_delay
 .text.clock_seconds
                0x0000000000007d18       0x1a contiki-sky.a(clock.o)
                0x0000000000007d18                clock_seconds
 .text.show_leds
                0x0000000000007d32       0xf6 contiki-sky.a(leds.o)
 .text.leds_init
                0x0000000000007e28        0xa contiki-sky.a(leds.o)
                0x0000000000007e28                leds_init
 .text.leds_on  0x0000000000007e32        0xa contiki-sky.a(leds.o)
                0x0000000000007e32                leds_on
 .text.leds_off
                0x0000000000007e3c        0xe contiki-sky.a(leds.o)
                0x0000000000007e3c                leds_off
 .text.leds_toggle
                0x0000000000007e4a        0xa contiki-sky.a(leds.o)
                0x0000000000007e4a                leds_toggle
 .text.leds_arch_init
                0x0000000000007e54        0xe contiki-sky.a(leds-arch.o)
                0x0000000000007e54                leds_arch_init
 .text.leds_arch_set
                0x0000000000007e62       0x3a contiki-sky.a(leds-arch.o)
                0x0000000000007e62                leds_arch_set
 .text.watchdog_interrupt
                0x0000000000007e9c        0x6 contiki-sky.a(watchdog.o)
                0x0000000000007e9c                __isr_10
                0x0000000000007e9c                watchdog_interrupt
 .text.watchdog_start
                0x0000000000007ea2       0x14 contiki-sky.a(watchdog.o)
                0x0000000000007ea2                watchdog_start
 .text.watchdog_periodic
                0x0000000000007eb6       0x12 contiki-sky.a(watchdog.o)
                0x0000000000007eb6                watchdog_periodic
 .text.watchdog_stop
                0x0000000000007ec8       0x16 contiki-sky.a(watchdog.o)
                0x0000000000007ec8                watchdog_stop
 .text.watchdog_init
                0x0000000000007ede       0x14 contiki-sky.a(watchdog.o)
                0x0000000000007ede                watchdog_init
 .text.rtimer_arch_init
                0x0000000000007ef2        0xe contiki-sky.a(rtimer-arch.o)
                0x0000000000007ef2                rtimer_arch_init
 .text.rtimer_arch_now
                0x0000000000007f00        0xe contiki-sky.a(rtimer-arch.o)
                0x0000000000007f00                rtimer_arch_now
 .text.timera0  0x0000000000007f0e       0x70 contiki-sky.a(rtimer-arch.o)
                0x0000000000007f0e                __isr_6
                0x0000000000007f0e                timera0
 .text.rtimer_arch_schedule
                0x0000000000007f7e        0x6 contiki-sky.a(rtimer-arch.o)
                0x0000000000007f7e                rtimer_arch_schedule
 .text.autostart_start
                0x0000000000007f84       0x16 contiki-sky.a(autostart.o)
                0x0000000000007f84                autostart_start
 .text.process_thread_ctimer_process
                0x0000000000007f9a       0xa4 contiki-sky.a(ctimer.o)
 .text.ctimer_init
                0x000000000000803e       0x18 contiki-sky.a(ctimer.o)
                0x000000000000803e                ctimer_init
 .text.ctimer_set
                0x0000000000008056       0x50 contiki-sky.a(ctimer.o)
                0x0000000000008056                ctimer_set
 .text.ctimer_reset
                0x00000000000080a6       0x30 contiki-sky.a(ctimer.o)
                0x00000000000080a6                ctimer_reset
 .text.ctimer_stop
                0x00000000000080d6       0x28 contiki-sky.a(ctimer.o)
                0x00000000000080d6                ctimer_stop
 .text.energest_init
                0x00000000000080fe       0x28 contiki-sky.a(energest.o)
                0x00000000000080fe                energest_init
 .text.energest_type_time
                0x0000000000008126       0x46 contiki-sky.a(energest.o)
                0x0000000000008126                energest_type_time
 .text.energest_type_set
                0x000000000000816c        0xe contiki-sky.a(energest.o)
                0x000000000000816c                energest_type_set
 .text.energest_flush
                0x000000000000817a       0x48 contiki-sky.a(energest.o)
                0x000000000000817a                energest_flush
 .text.update_time
                0x00000000000081c2       0x78 contiki-sky.a(etimer.o)
 .text.etimer_request_poll
                0x000000000000823a        0xa contiki-sky.a(etimer.o)
                0x000000000000823a                etimer_request_poll
 .text.process_thread_etimer_process
                0x0000000000008244       0xc8 contiki-sky.a(etimer.o)
 .text.add_timer
                0x000000000000830c       0x40 contiki-sky.a(etimer.o)
 .text.etimer_set
                0x000000000000834c       0x12 contiki-sky.a(etimer.o)
                0x000000000000834c                etimer_set
 .text.etimer_reset
                0x000000000000835e       0x12 contiki-sky.a(etimer.o)
                0x000000000000835e                etimer_reset
 .text.etimer_restart
                0x0000000000008370       0x12 contiki-sky.a(etimer.o)
                0x0000000000008370                etimer_restart
 .text.etimer_expired
                0x0000000000008382        0xe contiki-sky.a(etimer.o)
                0x0000000000008382                etimer_expired
 .text.etimer_expiration_time
                0x0000000000008390       0x14 contiki-sky.a(etimer.o)
                0x0000000000008390                etimer_expiration_time
 .text.etimer_pending
                0x00000000000083a4        0xc contiki-sky.a(etimer.o)
                0x00000000000083a4                etimer_pending
 .text.etimer_next_expiration_time
                0x00000000000083b0       0x16 contiki-sky.a(etimer.o)
                0x00000000000083b0                etimer_next_expiration_time
 .text.etimer_stop
                0x00000000000083c6       0x3c contiki-sky.a(etimer.o)
                0x00000000000083c6                etimer_stop
 .text.call_process
                0x0000000000008402       0x4a contiki-sky.a(process.o)
 .text.exit_process
                0x000000000000844c       0x96 contiki-sky.a(process.o)
 .text.do_poll  0x00000000000084e2       0x30 contiki-sky.a(process.o)
 .text.process_alloc_event
                0x0000000000008512        0xe contiki-sky.a(process.o)
                0x0000000000008512                process_alloc_event
 .text.process_init
                0x0000000000008520       0x1c contiki-sky.a(process.o)
                0x0000000000008520                process_init
 .text.process_run
                0x000000000000853c       0xa2 contiki-sky.a(process.o)
                0x000000000000853c                process_run
 .text.process_nevents
                0x00000000000085de        0xe contiki-sky.a(process.o)
                0x00000000000085de                process_nevents
 .text.process_post
                0x00000000000085ec       0x54 contiki-sky.a(process.o)
                0x00000000000085ec                process_post
 .text.process_post_synch
                0x0000000000008640       0x12 contiki-sky.a(process.o)
                0x0000000000008640                process_post_synch
 .text.process_start
                0x0000000000008652       0x32 contiki-sky.a(process.o)
                0x0000000000008652                process_start
 .text.process_poll
                0x0000000000008684       0x18 contiki-sky.a(process.o)
                0x0000000000008684                process_poll
 .text.rtimer_init
                0x000000000000869c        0x6 contiki-sky.a(rtimer.o)
                0x000000000000869c                rtimer_init
 .text.rtimer_run_next
                0x00000000000086a2       0x26 contiki-sky.a(rtimer.o)
                0x00000000000086a2                rtimer_run_next
 .text.timer_set
                0x00000000000086c8       0x1c contiki-sky.a(timer.o)
                0x00000000000086c8                timer_set
 .text.timer_reset
                0x00000000000086e4        0xe contiki-sky.a(timer.o)
                0x00000000000086e4                timer_reset
 .text.timer_restart
                0x00000000000086f2       0x14 contiki-sky.a(timer.o)
                0x00000000000086f2                timer_restart
 .text.timer_expired
                0x0000000000008706       0x2a contiki-sky.a(timer.o)
                0x0000000000008706                timer_expired
 .text.list_init
                0x0000000000008730        0x6 contiki-sky.a(list.o)
                0x0000000000008730                list_init
 .text.list_head
                0x0000000000008736        0x4 contiki-sky.a(list.o)
                0x0000000000008736                list_head
 .text.list_tail
                0x000000000000873a       0x12 contiki-sky.a(list.o)
                0x000000000000873a                list_tail
 .text.list_remove
                0x000000000000874c       0x34 contiki-sky.a(list.o)
                0x000000000000874c                list_remove
 .text.list_push
                0x0000000000008780       0x1a contiki-sky.a(list.o)
                0x0000000000008780                list_push
 .text.list_add
                0x000000000000879a       0x2a contiki-sky.a(list.o)
                0x000000000000879a                list_add
 .text.list_length
                0x00000000000087c4       0x10 contiki-sky.a(list.o)
                0x00000000000087c4                list_length
 .text.list_item_next
                0x00000000000087d4        0xc contiki-sky.a(list.o)
                0x00000000000087d4                list_item_next
 .text.memb_init
                0x00000000000087e0       0x36 contiki-sky.a(memb.o)
                0x00000000000087e0                memb_init
 .text.memb_alloc
                0x0000000000008816       0x3e contiki-sky.a(memb.o)
                0x0000000000008816                memb_alloc
 .text.memb_free
                0x0000000000008854       0x3a contiki-sky.a(memb.o)
                0x0000000000008854                memb_free
 .text.memb_inmemb
                0x000000000000888e       0x2e contiki-sky.a(memb.o)
                0x000000000000888e                memb_inmemb
 .text.memb_numfree
                0x00000000000088bc       0x26 contiki-sky.a(memb.o)
                0x00000000000088bc                memb_numfree
 .text.random_init
                0x00000000000088e2        0x6 contiki-sky.a(random.o)
                0x00000000000088e2                random_init
 .text.random_rand
                0x00000000000088e8        0x6 contiki-sky.a(random.o)
                0x00000000000088e8                random_rand
 .text.set_packet_attrs
                0x00000000000088ee       0x44 contiki-sky.a(sicslowpan.o)
 .text.addr_context_lookup_by_number
                0x0000000000008932       0x36 contiki-sky.a(sicslowpan.o)
 .text.compress_addr_64
                0x0000000000008968       0xae contiki-sky.a(sicslowpan.o)
 .text.uncompress_addr
                0x0000000000008a16       0xb4 contiki-sky.a(sicslowpan.o)
 .text.input    0x0000000000008aca      0x65c contiki-sky.a(sicslowpan.o)
 .text.sicslowpan_init
                0x0000000000009126       0x26 contiki-sky.a(sicslowpan.o)
                0x0000000000009126                sicslowpan_init
 .text.addr_context_lookup_by_prefix
                0x000000000000914c       0x4c contiki-sky.a(sicslowpan.o)
 .text.send_packet
                0x0000000000009198       0x1a contiki-sky.a(sicslowpan.o)
 .text.output   0x00000000000091b2      0x6da contiki-sky.a(sicslowpan.o)
 .text.packet_sent
                0x000000000000988c       0x22 contiki-sky.a(sicslowpan.o)
 .text.chksum   0x00000000000098ae       0x32 contiki-sky.a(uip6.o)
 .text.upper_layer_chksum
                0x00000000000098e0       0x56 contiki-sky.a(uip6.o)
 .text.ext_hdr_options_process
                0x0000000000009936       0xda contiki-sky.a(uip6.o)
 .text.uip_icmp6chksum
                0x0000000000009a10        0xa contiki-sky.a(uip6.o)
                0x0000000000009a10                uip_icmp6chksum
 .text.uip_udpchksum
                0x0000000000009a1a        0xa contiki-sky.a(uip6.o)
                0x0000000000009a1a                uip_udpchksum
 .text.uip_init
                0x0000000000009a24       0x42 contiki-sky.a(uip6.o)
                0x0000000000009a24                uip_init
 .text.remove_ext_hdr
                0x0000000000009a66       0x5a contiki-sky.a(uip6.o)
                0x0000000000009a66                remove_ext_hdr
 .text.uip_udp_new
                0x0000000000009ac0       0xf4 contiki-sky.a(uip6.o)
                0x0000000000009ac0                uip_udp_new
 .text.uip_process
                0x0000000000009bb4      0x4a2 contiki-sky.a(uip6.o)
                0x0000000000009bb4                uip_process
 .text.uip_htonl
                0x000000000000a056       0x2e contiki-sky.a(uip6.o)
                0x000000000000a056                uip_htonl
 .text.uip_ds6_list_loop
                0x000000000000a084       0x86 contiki-sky.a(uip-ds6.o)
                0x000000000000a084                uip_ds6_list_loop
 .text.uip_ds6_prefix_add
                0x000000000000a10a       0x80 contiki-sky.a(uip-ds6.o)
                0x000000000000a10a                uip_ds6_prefix_add
 .text.uip_ds6_is_addr_onlink
                0x000000000000a18a       0x54 contiki-sky.a(uip-ds6.o)
                0x000000000000a18a                uip_ds6_is_addr_onlink
 .text.uip_ds6_addr_lookup
                0x000000000000a1de       0x2a contiki-sky.a(uip-ds6.o)
                0x000000000000a1de                uip_ds6_addr_lookup
 .text.uip_ds6_get_link_local
                0x000000000000a208       0x3e contiki-sky.a(uip-ds6.o)
                0x000000000000a208                uip_ds6_get_link_local
 .text.uip_ds6_maddr_add
                0x000000000000a246       0x4c contiki-sky.a(uip-ds6.o)
                0x000000000000a246                uip_ds6_maddr_add
 .text.uip_ds6_addr_add
                0x000000000000a292       0xc4 contiki-sky.a(uip-ds6.o)
                0x000000000000a292                uip_ds6_addr_add
 .text.uip_ds6_maddr_lookup
                0x000000000000a356       0x2a contiki-sky.a(uip-ds6.o)
                0x000000000000a356                uip_ds6_maddr_lookup
 .text.uip_ds6_addr_rm
                0x000000000000a380       0x54 contiki-sky.a(uip-ds6.o)
                0x000000000000a380                uip_ds6_addr_rm
 .text.uip_ds6_periodic
                0x000000000000a3d4       0x4a contiki-sky.a(uip-ds6.o)
                0x000000000000a3d4                uip_ds6_periodic
 .text.uip_ds6_set_addr_iid
                0x000000000000a41e       0x14 contiki-sky.a(uip-ds6.o)
                0x000000000000a41e                uip_ds6_set_addr_iid
 .text.get_match_length
                0x000000000000a432       0x3e contiki-sky.a(uip-ds6.o)
                0x000000000000a432                get_match_length
 .text.uip_ds6_select_src
                0x000000000000a470       0xaa contiki-sky.a(uip-ds6.o)
                0x000000000000a470                uip_ds6_select_src
 .text.uip_ds6_compute_reachable_time
                0x000000000000a51a       0x3e contiki-sky.a(uip-ds6.o)
                0x000000000000a51a                uip_ds6_compute_reachable_time
 .text.uip_ds6_init
                0x000000000000a558      0x154 contiki-sky.a(uip-ds6.o)
                0x000000000000a558                uip_ds6_init
 .text.uip_ds6_nbr_rm
                0x000000000000a6ac       0x1a contiki-sky.a(uip-ds6-nbr.o)
                0x000000000000a6ac                uip_ds6_nbr_rm
 .text.uip_ds6_neighbors_init
                0x000000000000a6c6        0xe contiki-sky.a(uip-ds6-nbr.o)
                0x000000000000a6c6                uip_ds6_neighbors_init
 .text.uip_ds6_nbr_add
                0x000000000000a6d4       0x60 contiki-sky.a(uip-ds6-nbr.o)
                0x000000000000a6d4                uip_ds6_nbr_add
 .text.uip_ds6_nbr_get_ll
                0x000000000000a734        0xc contiki-sky.a(uip-ds6-nbr.o)
                0x000000000000a734                uip_ds6_nbr_get_ll
 .text.uip_ds6_nbr_lookup
                0x000000000000a740       0x42 contiki-sky.a(uip-ds6-nbr.o)
                0x000000000000a740                uip_ds6_nbr_lookup
 .text.uip_ds6_nbr_ll_lookup
                0x000000000000a782        0xc contiki-sky.a(uip-ds6-nbr.o)
                0x000000000000a782                uip_ds6_nbr_ll_lookup
 .text.uip_ds6_nbr_ipaddr_from_lladdr
                0x000000000000a78e        0x6 contiki-sky.a(uip-ds6-nbr.o)
                0x000000000000a78e                uip_ds6_nbr_ipaddr_from_lladdr
 .text.uip_ds6_nbr_lladdr_from_ipaddr
                0x000000000000a794       0x12 contiki-sky.a(uip-ds6-nbr.o)
                0x000000000000a794                uip_ds6_nbr_lladdr_from_ipaddr
 .text.uip_ds6_link_neighbor_callback
                0x000000000000a7a6       0x2a contiki-sky.a(uip-ds6-nbr.o)
                0x000000000000a7a6                uip_ds6_link_neighbor_callback
 .text.uip_ds6_neighbor_periodic
                0x000000000000a7d0       0x60 contiki-sky.a(uip-ds6-nbr.o)
                0x000000000000a7d0                uip_ds6_neighbor_periodic
 .text.call_route_callback
                0x000000000000a830       0x4c contiki-sky.a(uip-ds6-route.o)
 .text.uip_ds6_route_init
                0x000000000000a87c       0x36 contiki-sky.a(uip-ds6-route.o)
                0x000000000000a87c                uip_ds6_route_init
 .text.uip_ds6_route_nexthop
                0x000000000000a8b2       0x1a contiki-sky.a(uip-ds6-route.o)
                0x000000000000a8b2                uip_ds6_route_nexthop
 .text.uip_ds6_route_head
                0x000000000000a8cc        0xa contiki-sky.a(uip-ds6-route.o)
                0x000000000000a8cc                uip_ds6_route_head
 .text.uip_ds6_route_next
                0x000000000000a8d6        0xe contiki-sky.a(uip-ds6-route.o)
                0x000000000000a8d6                uip_ds6_route_next
 .text.uip_ds6_route_lookup
                0x000000000000a8e4       0x8c contiki-sky.a(uip-ds6-route.o)
                0x000000000000a8e4                uip_ds6_route_lookup
 .text.uip_ds6_route_rm
                0x000000000000a970       0xa4 contiki-sky.a(uip-ds6-route.o)
                0x000000000000a970                uip_ds6_route_rm
 .text.rm_routelist
                0x000000000000aa14       0x34 contiki-sky.a(uip-ds6-route.o)
 .text.rm_routelist_callback
                0x000000000000aa48        0x6 contiki-sky.a(uip-ds6-route.o)
 .text.uip_ds6_route_add
                0x000000000000aa4e      0x10c contiki-sky.a(uip-ds6-route.o)
                0x000000000000aa4e                uip_ds6_route_add
 .text.uip_ds6_defrt_rm
                0x000000000000ab5a       0x48 contiki-sky.a(uip-ds6-route.o)
                0x000000000000ab5a                uip_ds6_defrt_rm
 .text.uip_ds6_defrt_lookup
                0x000000000000aba2       0x36 contiki-sky.a(uip-ds6-route.o)
                0x000000000000aba2                uip_ds6_defrt_lookup
 .text.uip_ds6_defrt_add
                0x000000000000abd8       0x74 contiki-sky.a(uip-ds6-route.o)
                0x000000000000abd8                uip_ds6_defrt_add
 .text.uip_ds6_defrt_choose
                0x000000000000ac4c       0x3a contiki-sky.a(uip-ds6-route.o)
                0x000000000000ac4c                uip_ds6_defrt_choose
 .text.uip_ds6_defrt_periodic
                0x000000000000ac86       0x38 contiki-sky.a(uip-ds6-route.o)
                0x000000000000ac86                uip_ds6_defrt_periodic
 .text.echo_reply_input
                0x000000000000acbe      0x112 contiki-sky.a(uip-icmp6.o)
 .text.echo_request_input
                0x000000000000add0      0x12c contiki-sky.a(uip-icmp6.o)
 .text.uip_icmp6_input
                0x000000000000aefc       0x44 contiki-sky.a(uip-icmp6.o)
                0x000000000000aefc                uip_icmp6_input
 .text.uip_icmp6_register_input_handler
                0x000000000000af40        0xc contiki-sky.a(uip-icmp6.o)
                0x000000000000af40                uip_icmp6_register_input_handler
 .text.uip_icmp6_error_output
                0x000000000000af4c      0x17a contiki-sky.a(uip-icmp6.o)
                0x000000000000af4c                uip_icmp6_error_output
 .text.uip_icmp6_send
                0x000000000000b0c6       0x96 contiki-sky.a(uip-icmp6.o)
                0x000000000000b0c6                uip_icmp6_send
 .text.uip_icmp6_init
                0x000000000000b15c       0x12 contiki-sky.a(uip-icmp6.o)
                0x000000000000b15c                uip_icmp6_init
 .text.uip_nd6_init
                0x000000000000b16e        0x2 contiki-sky.a(uip-nd6.o)
                0x000000000000b16e                uip_nd6_init
 .text.tcpip_output
                0x000000000000b170       0x10 contiki-sky.a(tcpip.o)
                0x000000000000b170                tcpip_output
 .text.tcpip_set_outputfunc
                0x000000000000b180        0x6 contiki-sky.a(tcpip.o)
                0x000000000000b180                tcpip_set_outputfunc
 .text.udp_new  0x000000000000b186       0x1a contiki-sky.a(tcpip.o)
                0x000000000000b186                udp_new
 .text.tcpip_input
                0x000000000000b1a0       0x16 contiki-sky.a(tcpip.o)
                0x000000000000b1a0                tcpip_input
 .text.tcpip_ipv6_output
                0x000000000000b1b6       0xce contiki-sky.a(tcpip.o)
                0x000000000000b1b6                tcpip_ipv6_output
 .text.process_thread_tcpip_process
                0x000000000000b284       0xd0 contiki-sky.a(tcpip.o)
 .text.tcpip_uipcall
                0x000000000000b354       0x2a contiki-sky.a(tcpip.o)
                0x000000000000b354                tcpip_uipcall
 .text.uip_debug_ipaddr_print
                0x000000000000b37e       0x7c contiki-sky.a(uip-debug.o)
                0x000000000000b37e                uip_debug_ipaddr_print
 .text.uip_udp_packet_send
                0x000000000000b3fa       0x2e contiki-sky.a(uip-udp-packet.)
                0x000000000000b3fa                uip_udp_packet_send
 .text.rpl_get_mode
                0x000000000000b428        0x6 contiki-sky.a(rpl.o)
                0x000000000000b428                rpl_get_mode
 .text.rpl_purge_routes
                0x000000000000b42e       0x96 contiki-sky.a(rpl.o)
                0x000000000000b42e                rpl_purge_routes
 .text.rpl_remove_routes
                0x000000000000b4c4       0x22 contiki-sky.a(rpl.o)
                0x000000000000b4c4                rpl_remove_routes
 .text.rpl_remove_routes_by_nexthop
                0x000000000000b4e6       0x46 contiki-sky.a(rpl.o)
                0x000000000000b4e6                rpl_remove_routes_by_nexthop
 .text.rpl_add_route
                0x000000000000b52c       0x44 contiki-sky.a(rpl.o)
                0x000000000000b52c                rpl_add_route
 .text.rpl_link_neighbor_callback
                0x000000000000b570       0x7c contiki-sky.a(rpl.o)
                0x000000000000b570                rpl_link_neighbor_callback
 .text.rpl_ipv6_neighbor_callback
                0x000000000000b5ec       0x1e contiki-sky.a(rpl.o)
                0x000000000000b5ec                rpl_ipv6_neighbor_callback
 .text.rpl_init
                0x000000000000b60a       0x4a contiki-sky.a(rpl.o)
                0x000000000000b60a                rpl_init
 .text.lollipop_greater_than
                0x000000000000b654       0x44 contiki-sky.a(rpl-dag.o)
 .text.acceptable_rank
                0x000000000000b698       0x50 contiki-sky.a(rpl-dag.o)
 .text.find_parent_any_dag_any_instance
                0x000000000000b6e8       0x14 contiki-sky.a(rpl-dag.o)
 .text.rpl_set_preferred_parent
                0x000000000000b6fc       0x30 contiki-sky.a(rpl-dag.o)
 .text.set_ip_from_prefix
                0x000000000000b72c       0x38 contiki-sky.a(rpl-dag.o)
 .text.check_prefix
                0x000000000000b764       0x80 contiki-sky.a(rpl-dag.o)
 .text.rpl_get_nbr
                0x000000000000b7e4       0x1e contiki-sky.a(rpl-dag.o)
                0x000000000000b7e4                rpl_get_nbr
 .text.rpl_dag_init
                0x000000000000b802        0xe contiki-sky.a(rpl-dag.o)
                0x000000000000b802                rpl_dag_init
 .text.rpl_get_parent
                0x000000000000b810        0xc contiki-sky.a(rpl-dag.o)
                0x000000000000b810                rpl_get_parent
 .text.rpl_get_parent_ipaddr
                0x000000000000b81c       0x10 contiki-sky.a(rpl-dag.o)
                0x000000000000b81c                rpl_get_parent_ipaddr
 .text.rpl_set_prefix
                0x000000000000b82c       0x8e contiki-sky.a(rpl-dag.o)
                0x000000000000b82c                rpl_set_prefix
 .text.rpl_set_default_route
                0x000000000000b8ba       0x5a contiki-sky.a(rpl-dag.o)
                0x000000000000b8ba                rpl_set_default_route
 .text.rpl_alloc_instance
                0x000000000000b914       0x34 contiki-sky.a(rpl-dag.o)
                0x000000000000b914                rpl_alloc_instance
 .text.rpl_add_parent
                0x000000000000b948       0x56 contiki-sky.a(rpl-dag.o)
                0x000000000000b948                rpl_add_parent
 .text.rpl_find_parent
                0x000000000000b99e       0x1a contiki-sky.a(rpl-dag.o)
                0x000000000000b99e                rpl_find_parent
 .text.rpl_find_parent_any_dag
                0x000000000000b9b8       0x22 contiki-sky.a(rpl-dag.o)
                0x000000000000b9b8                rpl_find_parent_any_dag
 .text.rpl_select_parent
                0x000000000000b9da       0x7e contiki-sky.a(rpl-dag.o)
                0x000000000000b9da                rpl_select_parent
 .text.rpl_select_dag
                0x000000000000ba58      0x182 contiki-sky.a(rpl-dag.o)
                0x000000000000ba58                rpl_select_dag
 .text.rpl_nullify_parent
                0x000000000000bbda       0x54 contiki-sky.a(rpl-dag.o)
                0x000000000000bbda                rpl_nullify_parent
 .text.rpl_remove_parent
                0x000000000000bc2e       0x16 contiki-sky.a(rpl-dag.o)
                0x000000000000bc2e                rpl_remove_parent
 .text.nbr_callback
                0x000000000000bc44        0x6 contiki-sky.a(rpl-dag.o)
 .text.remove_parents.constprop.2
                0x000000000000bc4a       0x32 contiki-sky.a(rpl-dag.o)
 .text.rpl_move_parent
                0x000000000000bc7c       0x5a contiki-sky.a(rpl-dag.o)
                0x000000000000bc7c                rpl_move_parent
 .text.rpl_get_any_dag
                0x000000000000bcd6       0x18 contiki-sky.a(rpl-dag.o)
                0x000000000000bcd6                rpl_get_any_dag
 .text.rpl_get_instance
                0x000000000000bcee       0x1a contiki-sky.a(rpl-dag.o)
                0x000000000000bcee                rpl_get_instance
 .text.rpl_alloc_dag
                0x000000000000bd08       0x60 contiki-sky.a(rpl-dag.o)
                0x000000000000bd08                rpl_alloc_dag
 .text.rpl_repair_root
                0x000000000000bd68       0x50 contiki-sky.a(rpl-dag.o)
                0x000000000000bd68                rpl_repair_root
 .text.rpl_find_of
                0x000000000000bdb8       0x10 contiki-sky.a(rpl-dag.o)
                0x000000000000bdb8                rpl_find_of
 .text.rpl_join_instance
                0x000000000000bdc8      0x13c contiki-sky.a(rpl-dag.o)
                0x000000000000bdc8                rpl_join_instance
 .text.rpl_local_repair
                0x000000000000bf04       0x7c contiki-sky.a(rpl-dag.o)
                0x000000000000bf04                rpl_local_repair
 .text.rpl_process_parent_event
                0x000000000000bf80       0x4e contiki-sky.a(rpl-dag.o)
                0x000000000000bf80                rpl_process_parent_event
 .text.rpl_recalculate_ranks
                0x000000000000bfce       0x48 contiki-sky.a(rpl-dag.o)
                0x000000000000bfce                rpl_recalculate_ranks
 .text.rpl_add_dag
                0x000000000000c016      0x112 contiki-sky.a(rpl-dag.o)
                0x000000000000c016                rpl_add_dag
 .text.rpl_process_dio
                0x000000000000c128      0x2e2 contiki-sky.a(rpl-dag.o)
                0x000000000000c128                rpl_process_dio
 .text.rpl_lock_parent
                0x000000000000c40a        0xc contiki-sky.a(rpl-dag.o)
                0x000000000000c40a                rpl_lock_parent
 .text.rpl_verify_header
                0x000000000000c416       0xba contiki-sky.a(rpl-ext-header.)
                0x000000000000c416                rpl_verify_header
 .text.rpl_update_header_empty
                0x000000000000c4d0      0x126 contiki-sky.a(rpl-ext-header.)
                0x000000000000c4d0                rpl_update_header_empty
 .text.rpl_update_header_final
                0x000000000000c5f6       0x94 contiki-sky.a(rpl-ext-header.)
                0x000000000000c5f6                rpl_update_header_final
 .text.rpl_invert_header
                0x000000000000c68a       0x7a contiki-sky.a(rpl-ext-header.)
                0x000000000000c68a                rpl_invert_header
 .text.rpl_insert_header
                0x000000000000c704       0x12 contiki-sky.a(rpl-ext-header.)
                0x000000000000c704                rpl_insert_header
 .text.get32    0x000000000000c716       0x46 contiki-sky.a(rpl-icmp6.o)
 .text.set32    0x000000000000c75c       0x2a contiki-sky.a(rpl-icmp6.o)
 .text.get16    0x000000000000c786        0xe contiki-sky.a(rpl-icmp6.o)
 .text.set16    0x000000000000c794       0x10 contiki-sky.a(rpl-icmp6.o)
 .text.dao_ack_input
                0x000000000000c7a4        0x6 contiki-sky.a(rpl-icmp6.o)
 .text.dio_input
                0x000000000000c7aa      0x2d2 contiki-sky.a(rpl-icmp6.o)
 .text.dis_output
                0x000000000000ca7c       0x50 contiki-sky.a(rpl-icmp6.o)
                0x000000000000ca7c                dis_output
 .text.dio_output
                0x000000000000cacc      0x268 contiki-sky.a(rpl-icmp6.o)
                0x000000000000cacc                dio_output
 .text.dis_input
                0x000000000000cd34       0x28 contiki-sky.a(rpl-icmp6.o)
 .text.dao_output_target
                0x000000000000cd5c       0xea contiki-sky.a(rpl-icmp6.o)
                0x000000000000cd5c                dao_output_target
 .text.dao_output
                0x000000000000ce46       0x80 contiki-sky.a(rpl-icmp6.o)
                0x000000000000ce46                dao_output
 .text.dao_ack_output
                0x000000000000cec6       0x32 contiki-sky.a(rpl-icmp6.o)
                0x000000000000cec6                dao_ack_output
 .text.dao_input
                0x000000000000cef8      0x2a8 contiki-sky.a(rpl-icmp6.o)
 .text.rpl_icmp6_register_handlers
                0x000000000000d1a0       0x22 contiki-sky.a(rpl-icmp6.o)
                0x000000000000d1a0                rpl_icmp6_register_handlers
 .text.reset    0x000000000000d1c2        0x2 contiki-sky.a(rpl-mrhof.o)
 .text.update_metric_container
                0x000000000000d1c4        0x6 contiki-sky.a(rpl-mrhof.o)
 .text.calculate_rank
                0x000000000000d1ca       0x3e contiki-sky.a(rpl-mrhof.o)
 .text.best_parent
                0x000000000000d208       0x74 contiki-sky.a(rpl-mrhof.o)
 .text.neighbor_link_callback
                0x000000000000d27c       0xa2 contiki-sky.a(rpl-mrhof.o)
 .text.best_dag
                0x000000000000d31e       0x34 contiki-sky.a(rpl-mrhof.o)
 .text.new_dio_interval
                0x000000000000d352       0x92 contiki-sky.a(rpl-timers.o)
 .text.handle_periodic_timer
                0x000000000000d3e4       0x2e contiki-sky.a(rpl-timers.o)
 .text.set_dao_lifetime_timer
                0x000000000000d412       0x52 contiki-sky.a(rpl-timers.o)
 .text.schedule_dao
                0x000000000000d464       0x82 contiki-sky.a(rpl-timers.o)
 .text.handle_dio_timer
                0x000000000000d4e6       0x88 contiki-sky.a(rpl-timers.o)
 .text.handle_dao_timer
                0x000000000000d56e       0x64 contiki-sky.a(rpl-timers.o)
 .text.rpl_reset_periodic_timer
                0x000000000000d5d2       0x60 contiki-sky.a(rpl-timers.o)
                0x000000000000d5d2                rpl_reset_periodic_timer
 .text.rpl_reset_dio_timer
                0x000000000000d632       0x18 contiki-sky.a(rpl-timers.o)
                0x000000000000d632                rpl_reset_dio_timer
 .text.rpl_schedule_dao
                0x000000000000d64a        0xc contiki-sky.a(rpl-timers.o)
                0x000000000000d64a                rpl_schedule_dao
 .text.rpl_schedule_probing
                0x000000000000d656       0x3c contiki-sky.a(rpl-timers.o)
                0x000000000000d656                rpl_schedule_probing
 .text.handle_probing_timer
                0x000000000000d692      0x124 contiki-sky.a(rpl-timers.o)
 .text.parse    0x000000000000d7b6       0xa0 contiki-sky.a(framer-802154.o)
 .text.create_frame.isra.0
                0x000000000000d856      0x108 contiki-sky.a(framer-802154.o)
 .text.create   0x000000000000d95e        0x8 contiki-sky.a(framer-802154.o)
 .text.hdr_length
                0x000000000000d966        0x8 contiki-sky.a(framer-802154.o)
 .text.framer_canonical_create_and_secure
                0x000000000000d96e       0x20 contiki-sky.a(framer.o)
                0x000000000000d96e                framer_canonical_create_and_secure
 .text.send_packet
                0x000000000000d98e        0x6 contiki-sky.a(nullmac.o)
 .text.packet_input
                0x000000000000d994        0x6 contiki-sky.a(nullmac.o)
 .text.on       0x000000000000d99a        0x6 contiki-sky.a(nullmac.o)
 .text.off      0x000000000000d9a0        0x6 contiki-sky.a(nullmac.o)
 .text.channel_check_interval
                0x000000000000d9a6        0x4 contiki-sky.a(nullmac.o)
 .text.init     0x000000000000d9aa        0x2 contiki-sky.a(nullmac.o)
 .text.on       0x000000000000d9ac        0x6 contiki-sky.a(nullrdc.o)
 .text.channel_check_interval
                0x000000000000d9b2        0x4 contiki-sky.a(nullrdc.o)
 .text.init     0x000000000000d9b6        0x6 contiki-sky.a(nullrdc.o)
 .text.send_one_packet
                0x000000000000d9bc       0x6a contiki-sky.a(nullrdc.o)
 .text.send_list
                0x000000000000da26       0x30 contiki-sky.a(nullrdc.o)
 .text.send_packet
                0x000000000000da56        0x6 contiki-sky.a(nullrdc.o)
 .text.off      0x000000000000da5c       0x10 contiki-sky.a(nullrdc.o)
 .text.packet_input
                0x000000000000da6c       0x26 contiki-sky.a(nullrdc.o)
 .text.linkaddr_copy
                0x000000000000da92        0x8 contiki-sky.a(linkaddr.o)
                0x000000000000da92                linkaddr_copy
 .text.linkaddr_cmp
                0x000000000000da9a       0x12 contiki-sky.a(linkaddr.o)
                0x000000000000da9a                linkaddr_cmp
 .text.linkaddr_set_node_addr
                0x000000000000daac        0xc contiki-sky.a(linkaddr.o)
                0x000000000000daac                linkaddr_set_node_addr
 .text.index_from_key
                0x000000000000dab8       0x48 contiki-sky.a(nbr-table.o)
 .text.item_from_key
                0x000000000000db00       0x34 contiki-sky.a(nbr-table.o)
 .text.nbr_set_bit
                0x000000000000db34       0x8e contiki-sky.a(nbr-table.o)
 .text.index_from_lladdr
                0x000000000000dbc2       0x42 contiki-sky.a(nbr-table.o)
 .text.nbr_get_bit.constprop.0
                0x000000000000dc04       0x62 contiki-sky.a(nbr-table.o)
 .text.nbr_table_register
                0x000000000000dc66       0x28 contiki-sky.a(nbr-table.o)
                0x000000000000dc66                nbr_table_register
 .text.nbr_table_next
                0x000000000000dc8e       0x90 contiki-sky.a(nbr-table.o)
                0x000000000000dc8e                nbr_table_next
 .text.nbr_table_head
                0x000000000000dd1e       0x36 contiki-sky.a(nbr-table.o)
                0x000000000000dd1e                nbr_table_head
 .text.nbr_table_add_lladdr
                0x000000000000dd54      0x144 contiki-sky.a(nbr-table.o)
                0x000000000000dd54                nbr_table_add_lladdr
 .text.nbr_table_get_from_lladdr
                0x000000000000de98       0x48 contiki-sky.a(nbr-table.o)
                0x000000000000de98                nbr_table_get_from_lladdr
 .text.nbr_table_remove
                0x000000000000dee0       0x32 contiki-sky.a(nbr-table.o)
                0x000000000000dee0                nbr_table_remove
 .text.nbr_table_lock
                0x000000000000df12       0x10 contiki-sky.a(nbr-table.o)
                0x000000000000df12                nbr_table_lock
 .text.nbr_table_unlock
                0x000000000000df22       0x10 contiki-sky.a(nbr-table.o)
                0x000000000000df22                nbr_table_unlock
 .text.nbr_table_get_lladdr
                0x000000000000df32       0x5a contiki-sky.a(nbr-table.o)
                0x000000000000df32                nbr_table_get_lladdr
 .text.packetbuf_compact
                0x000000000000df8c       0x2e contiki-sky.a(packetbuf.o)
                0x000000000000df8c                packetbuf_compact
 .text.packetbuf_copyto
                0x000000000000dfba       0x52 contiki-sky.a(packetbuf.o)
                0x000000000000dfba                packetbuf_copyto
 .text.packetbuf_hdrreduce
                0x000000000000e00c       0x1a contiki-sky.a(packetbuf.o)
                0x000000000000e00c                packetbuf_hdrreduce
 .text.packetbuf_set_datalen
                0x000000000000e026        0x6 contiki-sky.a(packetbuf.o)
                0x000000000000e026                packetbuf_set_datalen
 .text.packetbuf_dataptr
                0x000000000000e02c        0xe contiki-sky.a(packetbuf.o)
                0x000000000000e02c                packetbuf_dataptr
 .text.packetbuf_hdrptr
                0x000000000000e03a        0xa contiki-sky.a(packetbuf.o)
                0x000000000000e03a                packetbuf_hdrptr
 .text.packetbuf_datalen
                0x000000000000e044        0x6 contiki-sky.a(packetbuf.o)
                0x000000000000e044                packetbuf_datalen
 .text.packetbuf_hdrlen
                0x000000000000e04a       0x10 contiki-sky.a(packetbuf.o)
                0x000000000000e04a                packetbuf_hdrlen
 .text.packetbuf_totlen
                0x000000000000e05a        0xc contiki-sky.a(packetbuf.o)
                0x000000000000e05a                packetbuf_totlen
 .text.packetbuf_hdralloc
                0x000000000000e066       0x2e contiki-sky.a(packetbuf.o)
                0x000000000000e066                packetbuf_hdralloc
 .text.packetbuf_attr_clear
                0x000000000000e094       0x28 contiki-sky.a(packetbuf.o)
                0x000000000000e094                packetbuf_attr_clear
 .text.packetbuf_clear
                0x000000000000e0bc       0x1a contiki-sky.a(packetbuf.o)
                0x000000000000e0bc                packetbuf_clear
 .text.packetbuf_copyfrom
                0x000000000000e0d6       0x2e contiki-sky.a(packetbuf.o)
                0x000000000000e0d6                packetbuf_copyfrom
 .text.packetbuf_attr_copyto
                0x000000000000e104       0x22 contiki-sky.a(packetbuf.o)
                0x000000000000e104                packetbuf_attr_copyto
 .text.packetbuf_attr_copyfrom
                0x000000000000e126       0x24 contiki-sky.a(packetbuf.o)
                0x000000000000e126                packetbuf_attr_copyfrom
 .text.packetbuf_holds_broadcast
                0x000000000000e14a        0xe contiki-sky.a(packetbuf.o)
                0x000000000000e14a                packetbuf_holds_broadcast
 .text.queuebuf_init
                0x000000000000e158       0x12 contiki-sky.a(queuebuf.o)
                0x000000000000e158                queuebuf_init
 .text.queuebuf_numfree
                0x000000000000e16a        0xa contiki-sky.a(queuebuf.o)
                0x000000000000e16a                queuebuf_numfree
 .text.queuebuf_new_from_packetbuf
                0x000000000000e174       0x52 contiki-sky.a(queuebuf.o)
                0x000000000000e174                queuebuf_new_from_packetbuf
 .text.queuebuf_free
                0x000000000000e1c6       0x2a contiki-sky.a(queuebuf.o)
                0x000000000000e1c6                queuebuf_free
 .text.queuebuf_to_packetbuf
                0x000000000000e1f0       0x32 contiki-sky.a(queuebuf.o)
                0x000000000000e1f0                queuebuf_to_packetbuf
 .text.bootstrap
                0x000000000000e222        0x4 contiki-sky.a(nullsec.o)
 .text.send     0x000000000000e226        0xa contiki-sky.a(nullsec.o)
 .text.on_frame_created
                0x000000000000e230        0x4 contiki-sky.a(nullsec.o)
 .text.input    0x000000000000e234        0x6 contiki-sky.a(nullsec.o)
 .text.get_overhead
                0x000000000000e23a        0x4 contiki-sky.a(nullsec.o)
 .text.spi_init
                0x000000000000e23e       0x32 contiki-sky.a(spi.o)
                0x000000000000e23e                spi_init
 .text.stimer_set
                0x000000000000e270       0x1c contiki-sky.a(stimer.o)
                0x000000000000e270                stimer_set
 .text.stimer_expired
                0x000000000000e28c       0x30 contiki-sky.a(stimer.o)
                0x000000000000e28c                stimer_expired
 .text.field_len
                0x000000000000e2bc       0x98 contiki-sky.a(frame802154.o)
 .text.frame802154_hdrlen
                0x000000000000e354       0x2e contiki-sky.a(frame802154.o)
                0x000000000000e354                frame802154_hdrlen
 .text.frame802154_create
                0x000000000000e382      0x146 contiki-sky.a(frame802154.o)
                0x000000000000e382                frame802154_create
 .text.frame802154_parse
                0x000000000000e4c8      0x1da contiki-sky.a(frame802154.o)
                0x000000000000e4c8                frame802154_parse
 .text.mac_call_sent_callback
                0x000000000000e6a2       0x14 contiki-sky.a(mac.o)
                0x000000000000e6a2                mac_call_sent_callback
 .text.libgcc   0x000000000000e6b6       0x2c /usr/lib/gcc/msp430/4.6.3/mmpy-16/libgcc.a(_mulsi3.o)
                0x000000000000e6b6                __mulsi3
 .text.libgcc   0x000000000000e6e2       0x22 /usr/lib/gcc/msp430/4.6.3/mmpy-16/libgcc.a(_udivmod16.o)
                0x000000000000e6e2                __udivhi3
                0x000000000000e6e2                __ext_udivmod16
                0x000000000000e6fc                __umodhi3
 .text.libgcc   0x000000000000e704       0x3a /usr/lib/gcc/msp430/4.6.3/mmpy-16/libgcc.a(_divmod16.o)
                0x000000000000e704                __ext_divmod16
                0x000000000000e704                __divhi3
                0x000000000000e736                __modhi3
 .text.libgcc   0x000000000000e73e       0x40 /usr/lib/gcc/msp430/4.6.3/mmpy-16/libgcc.a(_udivmod32.o)
                0x000000000000e73e                __udivsi3
                0x000000000000e73e                __ext_udivmod32
                0x000000000000e774                __umodsi3
 .text.libgcc   0x000000000000e77e       0x4c /usr/lib/gcc/msp430/4.6.3/mmpy-16/libgcc.a(_divmod32.o)
                0x000000000000e77e                __ext_divmod32
                0x000000000000e77e                __divsi3
                0x000000000000e7c0                __modsi3
 .text          0x000000000000e7ca       0x12 /usr/lib/gcc/msp430/4.6.3/../../../../msp430/lib/mmpy-16/libc.a(strchr.o)
                0x000000000000e7ca                strchr
 .text          0x000000000000e7dc       0x1c /usr/lib/gcc/msp430/4.6.3/../../../../msp430/lib/mmpy-16/libc.a(memchr.o)
                0x000000000000e7dc                memchr
 .text          0x000000000000e7f8       0x28 /usr/lib/gcc/msp430/4.6.3/../../../../msp430/lib/mmpy-16/libc.a(strncmp.o)
                0x000000000000e7f8                strncmp
 .text          0x000000000000e820       0x20 /usr/lib/gcc/msp430/4.6.3/../../../../msp430/lib/mmpy-16/libc.a(memcmp.o)
                0x000000000000e820                memcmp
 .text          0x000000000000e840       0xfa /usr/lib/gcc/msp430/4.6.3/../../../../msp430/lib/mmpy-16/libc.a(memcpy.o)
                0x000000000000e840                memcpy
 .text          0x000000000000e93a       0xfa /usr/lib/gcc/msp430/4.6.3/../../../../msp430/lib/mmpy-16/libc.a(memmove.o)
                0x000000000000e93a                memmove
 .text          0x000000000000ea34       0x6a /usr/lib/gcc/msp430/4.6.3/../../../../msp430/lib/mmpy-16/libc.a(memset.o)
                0x000000000000ea34                memset
 .text          0x000000000000ea9e       0x8a /usr/lib/gcc/msp430/4.6.3/../../../../msp430/lib/mmpy-16/libc.a(atoi.o)
                0x000000000000ea9e                atoi
 .text          0x000000000000eb28       0x1e /usr/lib/gcc/msp430/4.6.3/../../../../msp430/lib/mmpy-16/libc.a(printf.o)
                0x000000000000eb28                printf
                0x000000000000eb38                vprintf
 .text          0x000000000000eb46       0xbc /usr/lib/gcc/msp430/4.6.3/../../../../msp430/lib/mmpy-16/libc.a(sprintf.o)
                0x000000000000eba4                sprintf
                0x000000000000ebc0                snprintf
                0x000000000000ebda                vsprintf
                0x000000000000ebf0                vsnprintf
 .text          0x000000000000ec02      0x836 /usr/lib/gcc/msp430/4.6.3/../../../../msp430/lib/mmpy-16/libc.a(vuprintf.o)
                0x000000000000ed9a                vuprintf
 .text          0x000000000000f438       0x2c /usr/lib/gcc/msp430/4.6.3/../../../../msp430/lib/mmpy-16/libc.a(puts.o)
                0x000000000000f438                puts
 .text          0x000000000000f464       0x54 /usr/lib/gcc/msp430/4.6.3/../../../../msp430/lib/mmpy-16/libc.a(rand.o)
                0x000000000000f464                rand_r
                0x000000000000f488                rand
                0x000000000000f4ae                srand
 .text.libgcc   0x000000000000f4b8       0xf0 /usr/lib/gcc/msp430/4.6.3/mmpy-16/libgcc.a(_udivmod64.o)
                0x000000000000f4b8                __xabi_udivmod64
                0x000000000000f516                __udivdi3
                0x000000000000f53c                __umoddi3
                0x000000000000f56a                __udivmoddi4
 .text.crt0     0x000000000000f5a8        0x2 /usr/lib/gcc/msp430/4.6.3/mmpy-16/libcrt0.a(_unexpected_.o)
                0x000000000000f5a8                _unexpected_
                0x000000000000f5aa                . = ALIGN (0x2)

.rodata         0x000000000000f5aa      0x860
                0x000000000000f5aa                . = ALIGN (0x2)
 *(.rodata .rodata.* .gnu.linkonce.r.*)
 .rodata        0x000000000000f5aa       0x4e er-example-server.co
                0x000000000000f5de                autostart_processes
 .rodata        0x000000000000f5f8       0x2e obj_sky/res-push.o
 .rodata        0x000000000000f626       0x1d obj_sky/res-toggle.o
 .rodata        0x000000000000f643       0xec obj_sky/res-light.o
 .rodata        0x000000000000f72f       0x6d obj_sky/res-hello.o
 .rodata        0x000000000000f79c      0x120 obj_sky/contiki-sky-main.o
 .rodata        0x000000000000f8bc       0x8a contiki-sky.a(er-coap.o)
 .rodata        0x000000000000f946       0xec contiki-sky.a(er-coap-engine.)
                0x000000000000f9a0                coap_rest_implementation
 .rodata        0x000000000000fa32       0x11 contiki-sky.a(er-coap-observe)
 .rodata        0x000000000000fa43       0x19 contiki-sky.a(er-coap-res-wel)
 .rodata        0x000000000000fa5c      0x24f contiki-sky.a(er-coap-observe)
 .rodata        0x000000000000fcab        0xc contiki-sky.a(rest-engine.o)
 *fill*         0x000000000000fcb7        0x1 00
 .rodata        0x000000000000fcb8        0xe contiki-sky.a(light-sensor.o)
                0x000000000000fcbe                light_sensor
 .rodata        0x000000000000fcc6       0x10 contiki-sky.a(button-sensor.o)
                0x000000000000fcce                button_sensor
 .rodata        0x000000000000fcd6        0x8 contiki-sky.a(sensors.o)
 .rodata        0x000000000000fcde       0x5a contiki-sky.a(cc2420.o)
                0x000000000000fcfa                cc2420_aes_128_driver
                0x000000000000fcfe                cc2420_driver
 .rodata        0x000000000000fd38        0xf contiki-sky.a(ctimer.o)
 .rodata        0x000000000000fd47        0xc contiki-sky.a(etimer.o)
 *fill*         0x000000000000fd53        0x1 00
 .rodata        0x000000000000fd54       0x24 contiki-sky.a(sicslowpan.o)
                0x000000000000fd60                sicslowpan_driver
                0x000000000000fd66                llprefix
                0x000000000000fd68                unc_mxconf
                0x000000000000fd6c                unc_ctxconf
                0x000000000000fd70                unc_llconf
 .rodata        0x000000000000fd78        0xd contiki-sky.a(tcpip.o)
 .rodata        0x000000000000fd85       0x29 contiki-sky.a(uip-debug.o)
 .rodata        0x000000000000fdae        0x8 contiki-sky.a(framer-802154.o)
                0x000000000000fdae                framer_802154
 .rodata        0x000000000000fdb6       0x16 contiki-sky.a(nullmac.o)
                0x000000000000fdbe                nullmac_driver
 .rodata        0x000000000000fdcc       0x18 contiki-sky.a(nullrdc.o)
                0x000000000000fdd4                nullrdc_driver
 .rodata        0x000000000000fde4        0x8 contiki-sky.a(linkaddr.o)
                0x000000000000fde4                linkaddr_null
 .rodata        0x000000000000fdec       0x14 contiki-sky.a(nullsec.o)
                0x000000000000fdf4                nullsec_driver
 .rodata        0x000000000000fe00        0x2 contiki-sky.a(frame802154.o)
 .rodata        0x000000000000fe02        0x7 /usr/lib/gcc/msp430/4.6.3/../../../../msp430/lib/mmpy-16/libc.a(vuprintf.o)
                0x000000000000fe0a                . = ALIGN (0x2)
 *fill*         0x000000000000fe09        0x1 00
                0x000000000000fe0a                _etext = .

.data           0x0000000000001100      0x15c load address 0x000000000000fe0a
                0x0000000000001100                . = ALIGN (0x2)
                0x0000000000001100                PROVIDE (__data_start, .)
 *(.data .data.* .gnu.linkonce.d.*)
 .data          0x0000000000001100        0xa er-example-server.co
                0x0000000000001100                er_example_server
 .data          0x000000000000110a       0x28 obj_sky/res-push.o
                0x000000000000110a                res_push
                0x000000000000111c                periodic_res_push
 .data          0x0000000000001132       0x12 obj_sky/res-toggle.o
                0x0000000000001132                res_toggle
 .data          0x0000000000001144       0x12 obj_sky/res-light.o
                0x0000000000001144                res_light
 .data          0x0000000000001156       0x12 obj_sky/res-hello.o
                0x0000000000001156                res_hello
 .data          0x0000000000001168        0x2 contiki-sky.a(er-coap.o)
                0x0000000000001168                coap_error_message
 .data          0x000000000000116a        0xa contiki-sky.a(er-coap-engine.)
                0x000000000000116a                coap_engine
 .data          0x0000000000001174        0x8 contiki-sky.a(er-coap-transac)
 .data          0x000000000000117c        0x8 contiki-sky.a(er-coap-observe)
 .data          0x0000000000001184       0x12 contiki-sky.a(er-coap-res-wel)
                0x0000000000001184                res_well_known_core
 .data          0x0000000000001196        0xa contiki-sky.a(rest-engine.o)
                0x0000000000001196                rest_engine_process
 .data          0x00000000000011a0        0x4 contiki-sky.a(contiki-sky-pla)
                0x00000000000011a0                sensors
 .data          0x00000000000011a4        0xa contiki-sky.a(sensors.o)
                0x00000000000011a4                sensors_process
 .data          0x00000000000011ae        0xa contiki-sky.a(cc2420.o)
                0x00000000000011ae                cc2420_process
 .data          0x00000000000011b8        0x2 contiki-sky.a(msp430.o)
 .data          0x00000000000011ba        0xa contiki-sky.a(ctimer.o)
                0x00000000000011ba                ctimer_process
 .data          0x00000000000011c4        0xa contiki-sky.a(etimer.o)
                0x00000000000011c4                etimer_process
 .data          0x00000000000011ce        0xa contiki-sky.a(uip-ds6-nbr.o)
                0x00000000000011ce                ds6_neighbors
 .data          0x00000000000011d8       0x20 contiki-sky.a(uip-ds6-route.o)
 .data          0x00000000000011f8        0xc contiki-sky.a(uip-icmp6.o)
 .data          0x0000000000001204        0xa contiki-sky.a(tcpip.o)
                0x0000000000001204                tcpip_process
 .data          0x000000000000120e        0xa contiki-sky.a(rpl-dag.o)
                0x000000000000120e                rpl_parents
 .data          0x0000000000001218       0x1a contiki-sky.a(rpl-icmp6.o)
 .data          0x0000000000001232        0xe contiki-sky.a(rpl-mrhof.o)
                0x0000000000001232                rpl_mrhof
 .data          0x0000000000001240        0x8 contiki-sky.a(nbr-table.o)
 .data          0x0000000000001248       0x10 contiki-sky.a(queuebuf.o)
 .data          0x0000000000001258        0x4 /usr/lib/gcc/msp430/4.6.3/../../../../msp430/lib/mmpy-16/libc.a(rand.o)
                0x000000000000125c                . = ALIGN (0x2)
                0x000000000000125c                _edata = .
                0x000000000000fe0a                PROVIDE (__data_load_start, LOADADDR (.data))
                0x000000000000015c                PROVIDE (__data_size, SIZEOF (.data))

.bss            0x000000000000125c     0x1be4 load address 0x000000000000ff66
                0x000000000000125c                PROVIDE (__bss_start, .)
 *(.bss .bss.*)
 .bss           0x000000000000125c        0x4 obj_sky/res-push.o
 .bss           0x0000000000001260        0xc obj_sky/contiki-sky-main.o
 .bss           0x000000000000126c        0x6 contiki-sky.a(er-coap.o)
                0x000000000000126c                erbium_status_code
 .bss           0x0000000000001272      0x10c contiki-sky.a(er-coap-engine.)
 .bss           0x000000000000137e      0x270 contiki-sky.a(er-coap-transac)
 .bss           0x00000000000015ee       0xa2 contiki-sky.a(er-coap-observe)
 .bss           0x0000000000001690      0x128 contiki-sky.a(er-coap-observe)
 .bss           0x00000000000017b8        0x4 contiki-sky.a(rest-engine.o)
 .bss           0x00000000000017bc        0x8 contiki-sky.a(button-sensor.o)
 .bss           0x00000000000017c4        0x2 contiki-sky.a(node-id.o)
                0x00000000000017c4                node_id
 .bss           0x00000000000017c6        0x6 contiki-sky.a(sensors.o)
 .bss           0x00000000000017cc        0x8 contiki-sky.a(cc2420.o)
 .bss           0x00000000000017d4        0x4 contiki-sky.a(sky-sensors.o)
 .bss           0x00000000000017d8       0x9a contiki-sky.a(uart1.o)
 .bss           0x0000000000001872        0xa contiki-sky.a(clock.o)
 .bss           0x000000000000187c        0x1 contiki-sky.a(leds.o)
 *fill*         0x000000000000187d        0x1 00
 .bss           0x000000000000187e        0x2 contiki-sky.a(watchdog.o)
 .bss           0x0000000000001880        0x4 contiki-sky.a(ctimer.o)
 .bss           0x0000000000001884        0x6 contiki-sky.a(etimer.o)
 .bss           0x000000000000188a       0x42 contiki-sky.a(process.o)
                0x000000000000188a                process_current
                0x000000000000188c                process_list
 .bss           0x00000000000018cc        0x2 contiki-sky.a(rtimer.o)
 .bss           0x00000000000018ce      0x124 contiki-sky.a(sicslowpan.o)
 .bss           0x00000000000019f2        0xa contiki-sky.a(uip6.o)
                0x00000000000019f2                uip_ext_opt_offset
                0x00000000000019f4                uip_ext_len
                0x00000000000019f6                uip_ext_bitmap
 .bss           0x00000000000019fc       0x18 contiki-sky.a(uip-ds6.o)
 .bss           0x0000000000001a14      0x2f8 contiki-sky.a(uip-ds6-nbr.o)
 .bss           0x0000000000001d0c      0x362 contiki-sky.a(uip-ds6-route.o)
 .bss           0x000000000000206e       0x14 contiki-sky.a(uip-icmp6.o)
 .bss           0x0000000000002082        0xe contiki-sky.a(tcpip.o)
 .bss           0x0000000000002090        0x2 contiki-sky.a(rpl.o)
 .bss           0x0000000000002092       0xf0 contiki-sky.a(rpl-dag.o)
 .bss           0x0000000000002182       0x18 contiki-sky.a(rpl-timers.o)
 .bss           0x000000000000219a        0x2 contiki-sky.a(framer-802154.o)
 .bss           0x000000000000219c      0x118 contiki-sky.a(nbr-table.o)
 .bss           0x00000000000022b4       0xb8 contiki-sky.a(packetbuf.o)
 .bss           0x000000000000236c      0x5a0 contiki-sky.a(queuebuf.o)
 .bss           0x000000000000290c        0x4 /usr/lib/gcc/msp430/4.6.3/../../../../msp430/lib/mmpy-16/libc.a(sprintf.o)
 *(COMMON)
 COMMON         0x0000000000002910        0x2 contiki-sky.a(contiki-sky-pla)
                0x0000000000002910                sensors_flags
 COMMON         0x0000000000002912        0x8 contiki-sky.a(ds2411.o)